[backblue.gif]
[fade.gif]
[index.html]
[cdnjs.cloudflare.com/ajax/libs/jquery/2.2.4/jquery.min.js]
[cdnjs.cloudflare.com/ajax/libs/twitter-bootstrap/3.3.7/js/bootstrap.min.js]
[inst.eecs.berkeley.edu/_cs61a/fa20/assets/js/hl.js]
[inst.eecs.berkeley.edu/_cs61a/fa20/assets/js/dark-mode.js]
[cdnjs.cloudflare.com/ajax/libs/twitter-bootstrap/3.3.7/css/bootstrap.min.css]
[inst.eecs.berkeley.edu/_cs61a/fa20/assets/images/favicon.ico]
[inst.eecs.berkeley.edu/_cs61a/fa20/assets/images/logo.png]
[inst.eecs.berkeley.edu/_cs61a/fa20/assets/slides/36-Macros_full.pdf]
[inst.eecs.berkeley.edu/_cs61a/fa20/assets/slides/36-Macros_1pp.pdf]
[inst.eecs.berkeley.edu/_cs61a/fa20/assets/slides/36-Macros_8pp.pdf]
[inst.eecs.berkeley.edu/_cs61a/fa20/assets/slides/37-Final_Examples_full.pdf]
[inst.eecs.berkeley.edu/_cs61a/fa20/assets/slides/37-Final_Examples_1pp.pdf]
[inst.eecs.berkeley.edu/_cs61a/fa20/assets/slides/37-Final_Examples_8pp.pdf]
[inst.eecs.berkeley.edu/_cs61a/fa20/disc/disc14.pdf]
[inst.eecs.berkeley.edu/_cs61a/fa20/assets/slides/35-Tail_Calls_full.pdf]
[inst.eecs.berkeley.edu/_cs61a/fa20/assets/slides/35-Tail_Calls_1pp.pdf]
[inst.eecs.berkeley.edu/_cs61a/fa20/assets/slides/35-Tail_Calls_8pp.pdf]
[inst.eecs.berkeley.edu/_cs61a/fa20/assets/slides/32-Tables_full.pdf]
[inst.eecs.berkeley.edu/_cs61a/fa20/assets/slides/32-Tables_1pp.pdf]
[inst.eecs.berkeley.edu/_cs61a/fa20/assets/slides/32-Tables_8pp.pdf]
[inst.eecs.berkeley.edu/_cs61a/fa20/assets/slides/33-Aggregation_full.pdf]
[inst.eecs.berkeley.edu/_cs61a/fa20/assets/slides/33-Aggregation_1pp.pdf]
[inst.eecs.berkeley.edu/_cs61a/fa20/assets/slides/33-Aggregation_8pp.pdf]
[inst.eecs.berkeley.edu/_cs61a/fa20/assets/slides/34-Databases_full.pdf]
[inst.eecs.berkeley.edu/_cs61a/fa20/assets/slides/34-Databases_1pp.pdf]
[inst.eecs.berkeley.edu/_cs61a/fa20/assets/slides/34-Databases_8pp.pdf]
[inst.eecs.berkeley.edu/_cs61a/fa20/disc/disc12.pdf]
[inst.eecs.berkeley.edu/_cs61a/fa20/assets/slides/30-Interpreters_full.pdf]
[inst.eecs.berkeley.edu/_cs61a/fa20/assets/slides/30-Interpreters_1pp.pdf]
[inst.eecs.berkeley.edu/_cs61a/fa20/assets/slides/30-Interpreters_8pp.pdf]
[inst.eecs.berkeley.edu/_cs61a/fa20/assets/slides/31-Declarative_Programming_full.pdf]
[inst.eecs.berkeley.edu/_cs61a/fa20/assets/slides/31-Declarative_Programming_1pp.pdf]
[inst.eecs.berkeley.edu/_cs61a/fa20/assets/slides/31-Declarative_Programming_8pp.pdf]
[inst.eecs.berkeley.edu/_cs61a/fa20/disc/disc11.pdf]
[inst.eecs.berkeley.edu/_cs61a/fa20/assets/slides/27-Scheme_full.pdf]
[inst.eecs.berkeley.edu/_cs61a/fa20/assets/slides/27-Scheme_1pp.pdf]
[inst.eecs.berkeley.edu/_cs61a/fa20/assets/slides/27-Scheme_8pp.pdf]
[inst.eecs.berkeley.edu/_cs61a/fa20/assets/slides/28-Exceptions_full.pdf]
[inst.eecs.berkeley.edu/_cs61a/fa20/assets/slides/28-Exceptions_1pp.pdf]
[inst.eecs.berkeley.edu/_cs61a/fa20/assets/slides/28-Exceptions_8pp.pdf]
[inst.eecs.berkeley.edu/_cs61a/fa20/assets/slides/29-Calculator_full.pdf]
[inst.eecs.berkeley.edu/_cs61a/fa20/assets/slides/29-Calculator_1pp.pdf]
[inst.eecs.berkeley.edu/_cs61a/fa20/assets/slides/29-Calculator_8pp.pdf]
[inst.eecs.berkeley.edu/_cs61a/fa20/assets/slides/29.zip]
[inst.eecs.berkeley.edu/_cs61a/fa20/disc/disc10.pdf]
[inst.eecs.berkeley.edu/_cs61a/fa20/assets/pdfs/61a-mt2-study-guide.pdf]
[inst.eecs.berkeley.edu/_cs61a/fa20/assets/pdfs/61a-mt1-study-guide.pdf]
[inst.eecs.berkeley.edu/_cs61a/fa20/assets/slides/22-Efficiency_full.pdf]
[inst.eecs.berkeley.edu/_cs61a/fa20/assets/slides/22-Efficiency_1pp.pdf]
[inst.eecs.berkeley.edu/_cs61a/fa20/assets/slides/22-Efficiency_8pp.pdf]
[inst.eecs.berkeley.edu/_cs61a/fa20/assets/slides/23-Decomposition_full.pdf]
[inst.eecs.berkeley.edu/_cs61a/fa20/assets/slides/23-Decomposition_1pp.pdf]
[inst.eecs.berkeley.edu/_cs61a/fa20/assets/slides/23-Decomposition_8pp.pdf]
[inst.eecs.berkeley.edu/_cs61a/fa20/assets/slides/23.zip]
[inst.eecs.berkeley.edu/_cs61a/fa20/assets/slides/24-Data_Examples_full.pdf]
[inst.eecs.berkeley.edu/_cs61a/fa20/assets/slides/24-Data_Examples_1pp.pdf]
[inst.eecs.berkeley.edu/_cs61a/fa20/assets/slides/24-Data_Examples_8pp.pdf]
[inst.eecs.berkeley.edu/_cs61a/fa20/disc/disc08.pdf]
[inst.eecs.berkeley.edu/_cs61a/fa20/assets/slides/19-Inheritance_full.pdf]
[inst.eecs.berkeley.edu/_cs61a/fa20/assets/slides/19-Inheritance_1pp.pdf]
[inst.eecs.berkeley.edu/_cs61a/fa20/assets/slides/19-Inheritance_8pp.pdf]
[inst.eecs.berkeley.edu/_cs61a/fa20/assets/slides/20-Representation_full.pdf]
[inst.eecs.berkeley.edu/_cs61a/fa20/assets/slides/20-Representation_1pp.pdf]
[inst.eecs.berkeley.edu/_cs61a/fa20/assets/slides/20-Representation_8pp.pdf]
[inst.eecs.berkeley.edu/_cs61a/fa20/assets/slides/21-Composition_full.pdf]
[inst.eecs.berkeley.edu/_cs61a/fa20/assets/slides/21-Composition_1pp.pdf]
[inst.eecs.berkeley.edu/_cs61a/fa20/assets/slides/21-Composition_8pp.pdf]
[inst.eecs.berkeley.edu/_cs61a/fa20/disc/disc07.pdf]
[inst.eecs.berkeley.edu/_cs61a/fa20/assets/slides/16-Mutable_Functions_full.pdf]
[inst.eecs.berkeley.edu/_cs61a/fa20/assets/slides/16-Mutable_Functions_1pp.pdf]
[inst.eecs.berkeley.edu/_cs61a/fa20/assets/slides/16-Mutable_Functions_8pp.pdf]
[inst.eecs.berkeley.edu/_cs61a/fa20/assets/slides/17-Iterators_full.pdf]
[inst.eecs.berkeley.edu/_cs61a/fa20/assets/slides/17-Iterators_1pp.pdf]
[inst.eecs.berkeley.edu/_cs61a/fa20/assets/slides/17-Iterators_8pp.pdf]
[inst.eecs.berkeley.edu/_cs61a/fa20/assets/slides/18-Objects_full.pdf]
[inst.eecs.berkeley.edu/_cs61a/fa20/assets/slides/18-Objects_1pp.pdf]
[inst.eecs.berkeley.edu/_cs61a/fa20/assets/slides/18-Objects_8pp.pdf]
[inst.eecs.berkeley.edu/_cs61a/fa20/disc/disc06.pdf]
[inst.eecs.berkeley.edu/_cs61a/fa20/assets/slides/13-Binary_Numbers_full.pdf]
[inst.eecs.berkeley.edu/_cs61a/fa20/assets/slides/14-Circuits_full.pdf]
[inst.eecs.berkeley.edu/_cs61a/fa20/assets/slides/15-Mutable_Values_full.pdf]
[inst.eecs.berkeley.edu/_cs61a/fa20/assets/slides/15-Mutable_Values_1pp.pdf]
[inst.eecs.berkeley.edu/_cs61a/fa20/assets/slides/15-Mutable_Values_8pp.pdf]
[inst.eecs.berkeley.edu/_cs61a/fa20/disc/disc05.pdf]
[inst.eecs.berkeley.edu/_cs61a/fa20/assets/slides/10-Containers_full.pdf]
[inst.eecs.berkeley.edu/_cs61a/fa20/assets/slides/10-Containers_1pp.pdf]
[inst.eecs.berkeley.edu/_cs61a/fa20/assets/slides/10-Containers_8pp.pdf]
[inst.eecs.berkeley.edu/_cs61a/fa20/assets/slides/11-Data_Abstraction_full.pdf]
[inst.eecs.berkeley.edu/_cs61a/fa20/assets/slides/11-Data_Abstraction_1pp.pdf]
[inst.eecs.berkeley.edu/_cs61a/fa20/assets/slides/11-Data_Abstraction_8pp.pdf]
[inst.eecs.berkeley.edu/_cs61a/fa20/assets/slides/12-Trees_full.pdf]
[inst.eecs.berkeley.edu/_cs61a/fa20/assets/slides/12-Trees_1pp.pdf]
[inst.eecs.berkeley.edu/_cs61a/fa20/assets/slides/12-Trees_8pp.pdf]
[inst.eecs.berkeley.edu/_cs61a/fa20/disc/disc04.pdf]
[inst.eecs.berkeley.edu/_cs61a/fa20/assets/slides/08-Recursion_full.pdf]
[inst.eecs.berkeley.edu/_cs61a/fa20/assets/slides/08-Recursion_1pp.pdf]
[inst.eecs.berkeley.edu/_cs61a/fa20/assets/slides/08-Recursion_8pp.pdf]
[inst.eecs.berkeley.edu/_cs61a/fa20/assets/slides/09-Tree_Recursion_full.pdf]
[inst.eecs.berkeley.edu/_cs61a/fa20/assets/slides/09-Tree_Recursion_1pp.pdf]
[inst.eecs.berkeley.edu/_cs61a/fa20/assets/slides/09-Tree_Recursion_8pp.pdf]
[inst.eecs.berkeley.edu/_cs61a/fa20/disc/disc03.pdf]
[inst.eecs.berkeley.edu/_cs61a/fa20/assets/slides/06-Design_full.pdf]
[inst.eecs.berkeley.edu/_cs61a/fa20/assets/slides/06-Design_1pp.pdf]
[inst.eecs.berkeley.edu/_cs61a/fa20/assets/slides/06-Design_8pp.pdf]
[inst.eecs.berkeley.edu/_cs61a/fa20/assets/slides/07-Function_Examples_full.pdf]
[inst.eecs.berkeley.edu/_cs61a/fa20/assets/slides/07-Function_Examples_1pp.pdf]
[inst.eecs.berkeley.edu/_cs61a/fa20/assets/slides/07-Function_Examples_8pp.pdf]
[inst.eecs.berkeley.edu/_cs61a/fa20/disc/disc02.pdf]
[inst.eecs.berkeley.edu/_cs61a/fa20/assets/slides/03-Control_full.pdf]
[inst.eecs.berkeley.edu/_cs61a/fa20/assets/slides/03-Control_1pp.pdf]
[inst.eecs.berkeley.edu/_cs61a/fa20/assets/slides/03-Control_8pp.pdf]
[inst.eecs.berkeley.edu/_cs61a/fa20/assets/slides/04-Higher-Order_Functions_full.pdf]
[inst.eecs.berkeley.edu/_cs61a/fa20/assets/slides/04-Higher-Order_Functions_1pp.pdf]
[inst.eecs.berkeley.edu/_cs61a/fa20/assets/slides/04-Higher-Order_Functions_8pp.pdf]
[inst.eecs.berkeley.edu/_cs61a/fa20/assets/slides/05-Environments_full.pdf]
[inst.eecs.berkeley.edu/_cs61a/fa20/assets/slides/05-Environments_1pp.pdf]
[inst.eecs.berkeley.edu/_cs61a/fa20/assets/slides/05-Environments_8pp.pdf]
[inst.eecs.berkeley.edu/_cs61a/fa20/disc/disc01.pdf]
[inst.eecs.berkeley.edu/_cs61a/fa20/assets/slides/01-Computer_Science_full.pdf]
[inst.eecs.berkeley.edu/_cs61a/fa20/assets/slides/01-Computer_Science_1pp.pdf]
[inst.eecs.berkeley.edu/_cs61a/fa20/assets/slides/01-Computer_Science_8pp.pdf]
[inst.eecs.berkeley.edu/_cs61a/fa20/assets/slides/02-Functions_full.pdf]
[inst.eecs.berkeley.edu/_cs61a/fa20/assets/slides/02-Functions_1pp.pdf]
[inst.eecs.berkeley.edu/_cs61a/fa20/assets/slides/02-Functions_8pp.pdf]
[inst.eecs.berkeley.edu/_cs61a/fa20/index.html]
[cdnjs.cloudflare.com/ajax/libs/twitter-bootstrap/3.3.7/css/bootstrap.min.css]
[inst.eecs.berkeley.edu/_cs61a/fa20/assets/css/style.css]
[inst.eecs.berkeley.edu/_cs61a/fa20/assets/css/mono-blue.css]
[cdnjs.cloudflare.com/ajax/libs/fullcalendar/2.9.1/fullcalendar.min.css]
[cdnjs.cloudflare.com/ajax/libs/moment.js/2.13.0/moment.min.js]
[cdnjs.cloudflare.com/ajax/libs/fullcalendar/2.9.1/fullcalendar.min.js]
[cdnjs.cloudflare.com/ajax/libs/fullcalendar/2.9.1/gcal.js]
[inst.eecs.berkeley.edu/_cs61a/fa20/assets/js/config.js]
[inst.eecs.berkeley.edu/_cs61a/fa20/assets/js/calendar.js]
[inst.eecs.berkeley.edu/_cs61a/fa20/weekly.html]
[inst.eecs.berkeley.edu/_cs61a/fa20/office-hours.html]
[inst.eecs.berkeley.edu/_cs61a/fa20/assets/images/hany-farid.jpg]
[inst.eecs.berkeley.edu/_cs61a/fa20/assets/images/john-denero.jpg]
[inst.eecs.berkeley.edu/_cs61a/fa20/instructor.html]
[inst.eecs.berkeley.edu/_cs61a/fa20/TAs.html]
[github.com/Cal-CS-61A-Staff/staff-images/raw/master/fa20/andrew-mcguire.ca.delayed]
[github.com/Cal-CS-61A-Staff/staff-images/raw/master/fa20/jazzly-anderson.117.delayed]
[github.com/Cal-CS-61A-Staff/staff-images/raw/master/fa20/robert-lin.174.delayed]
[github.com/Cal-CS-61A-Staff/staff-images/raw/master/fa20/roy-zhou.177.delayed]
[inst.eecs.berkeley.edu/_cs61a/fa20/tutors.html]
[inst.eecs.berkeley.edu/_cs61a/fa20/exam/fa20/mt1/61a-fa20-mt1.pdf]
[inst.eecs.berkeley.edu/_cs61a/fa20/exam/fa20/mt2/61a-fa20-mt2.pdf]
[inst.eecs.berkeley.edu/_cs61a/fa20/exam/fa20/final/61a-fa20-final.pdf]
[inst.eecs.berkeley.edu/_cs61a/fa20/exam/su20/mt1/61a-su20-mt1.zip]
[inst.eecs.berkeley.edu/_cs61a/fa20/exam/su20/mt/61a-su20-mt.zip]
[inst.eecs.berkeley.edu/_cs61a/fa20/exam/sp20/mt1/61a-sp20-mt1.pdf]
[inst.eecs.berkeley.edu/_cs61a/fa20/exam/sp20/mt1/61a-sp20-mt1_tagged.pdf]
[inst.eecs.berkeley.edu/_cs61a/fa20/exam/sp20/mt2/61a-sp20-mt2.zip]
[inst.eecs.berkeley.edu/_cs61a/fa20/assets/pdfs/61a-sp20-final.pdf]
[inst.eecs.berkeley.edu/_cs61a/fa20/assets/pdfs/61a-sp20-final-solution.pdf]
[inst.eecs.berkeley.edu/_cs61a/fa20/exam/fa19/mt1/61a-fa19-mt1.pdf]
[inst.eecs.berkeley.edu/_cs61a/fa20/exam/fa19/mt1/61a-fa19-mt1_tagged.pdf]
[inst.eecs.berkeley.edu/_cs61a/fa20/exam/fa19/mt2/61a-fa19-mt2.pdf]
[inst.eecs.berkeley.edu/_cs61a/fa20/exam/fa19/mt2/61a-fa19-mt2_tagged.pdf]
[inst.eecs.berkeley.edu/_cs61a/fa20/exam/fa19/final/61a-fa19-final.pdf]
[inst.eecs.berkeley.edu/_cs61a/fa20/exam/fa19/final/61a-fa19-final_tagged.pdf]
[inst.eecs.berkeley.edu/_cs61a/fa20/exam/su19/mt/61a-su19-mt.pdf]
[inst.eecs.berkeley.edu/_cs61a/fa20/exam/su19/final/61a-su19-final.pdf]
[inst.eecs.berkeley.edu/_cs61a/fa20/exam/sp19/mt1/61a-sp19-mt1.pdf]
[inst.eecs.berkeley.edu/_cs61a/fa20/exam/sp19/mt1/61a-sp19-mt1_tagged.pdf]
[inst.eecs.berkeley.edu/_cs61a/fa20/exam/fa18/mt1/61a-fa18-mt1.pdf]
[inst.eecs.berkeley.edu/_cs61a/fa20/exam/fa18/mt1/61a-fa18-mt1_tagged.pdf]
[inst.eecs.berkeley.edu/_cs61a/fa20/exam/fa18/mt2/61a-fa18-mt2.pdf]
[inst.eecs.berkeley.edu/_cs61a/fa20/exam/fa18/mt2/61a-fa18-mt2_tagged.pdf]
[inst.eecs.berkeley.edu/_cs61a/fa20/exam/fa18/final/61a-fa18-final_tagged.pdf]
[inst.eecs.berkeley.edu/_cs61a/fa20/exam/sp18/mt1/61a-sp18-mt1.pdf]
[inst.eecs.berkeley.edu/_cs61a/fa20/exam/sp18/mt1/61a-sp18-mt1_tagged.pdf]
[inst.eecs.berkeley.edu/_cs61a/fa20/exam/sp18/mt2/61a-sp18-mt2.pdf]
[inst.eecs.berkeley.edu/_cs61a/fa20/exam/sp18/mt2/61a-sp18-mt2_tagged.pdf]
[inst.eecs.berkeley.edu/_cs61a/fa20/exam/sp18/final/61a-sp18-final_tagged.pdf]
[inst.eecs.berkeley.edu/_cs61a/fa20/exam/fa16/mt1/61a-fa16-mt1.pdf]
[inst.eecs.berkeley.edu/_cs61a/fa20/exam/fa16/mt1/61a-fa16-mt1_tagged.pdf]
[inst.eecs.berkeley.edu/_cs61a/fa20/exam/fa16/mt2/61a-fa16-mt2.pdf]
[inst.eecs.berkeley.edu/_cs61a/fa20/exam/fa16/mt2/61a-fa16-mt2_tagged.pdf]
[inst.eecs.berkeley.edu/_cs61a/fa20/exam/su20/practice-mt/61a-su20-practice-mt.zip]
[inst.eecs.berkeley.edu/_cs61a/fa20/assets/pdfs/61a-final-study-guide.pdf]
[inst.eecs.berkeley.edu/_cs61a/fa20/assets/js/flowchart-data.js]
[inst.eecs.berkeley.edu/_cs61a/fa20/assets/js/flowchart.js]
[inst.eecs.berkeley.edu/_cs61a/fa20/resources.html]
[inst.eecs.berkeley.edu/_cs61a/fa20/articles/about.html]
[inst.eecs.berkeley.edu/_cs61a/fa20/proj/scheme_gallery/entries/090d45d4/artwork.png]
[inst.eecs.berkeley.edu/_cs61a/fa20/proj/scheme_gallery/entries/090d45d4/contest.scm]
[inst.eecs.berkeley.edu/_cs61a/fa20/proj/scheme_gallery/entries/337e6b92/artwork.png]
[inst.eecs.berkeley.edu/_cs61a/fa20/proj/scheme_gallery/entries/337e6b92/contest.scm]
[inst.eecs.berkeley.edu/_cs61a/fa20/proj/scheme_gallery/entries/38346344/artwork.png]
[inst.eecs.berkeley.edu/_cs61a/fa20/proj/scheme_gallery/entries/38346344/contest.scm]
[inst.eecs.berkeley.edu/_cs61a/fa20/proj/scheme_gallery/entries/3949b07b/artwork.png]
[inst.eecs.berkeley.edu/_cs61a/fa20/proj/scheme_gallery/entries/3949b07b/contest.scm]
[inst.eecs.berkeley.edu/_cs61a/fa20/proj/scheme_gallery/entries/3c8b3180/artwork.png]
[inst.eecs.berkeley.edu/_cs61a/fa20/proj/scheme_gallery/entries/3c8b3180/contest.scm]
[inst.eecs.berkeley.edu/_cs61a/fa20/proj/scheme_gallery/entries/54196e29/artwork.png]
[inst.eecs.berkeley.edu/_cs61a/fa20/proj/scheme_gallery/entries/54196e29/contest.scm]
[inst.eecs.berkeley.edu/_cs61a/fa20/proj/scheme_gallery/entries/5f49e954/artwork.png]
[inst.eecs.berkeley.edu/_cs61a/fa20/proj/scheme_gallery/entries/5f49e954/contest.scm]
[inst.eecs.berkeley.edu/_cs61a/fa20/proj/scheme_gallery/entries/73595e63/artwork.png]
[inst.eecs.berkeley.edu/_cs61a/fa20/proj/scheme_gallery/entries/73595e63/contest.scm]
[inst.eecs.berkeley.edu/_cs61a/fa20/proj/scheme_gallery/entries/7b73a72e/artwork.png]
[inst.eecs.berkeley.edu/_cs61a/fa20/proj/scheme_gallery/entries/7b73a72e/contest.scm]
[inst.eecs.berkeley.edu/_cs61a/fa20/proj/scheme_gallery/entries/86a8f93b/artwork.png]
[inst.eecs.berkeley.edu/_cs61a/fa20/proj/scheme_gallery/entries/86a8f93b/contest.scm]
[inst.eecs.berkeley.edu/_cs61a/fa20/proj/scheme_gallery/entries/8a5fb2c3/artwork.png]
[inst.eecs.berkeley.edu/_cs61a/fa20/proj/scheme_gallery/entries/8a5fb2c3/contest.scm]
[inst.eecs.berkeley.edu/_cs61a/fa20/proj/scheme_gallery/entries/9de3deb1/artwork.png]
[inst.eecs.berkeley.edu/_cs61a/fa20/proj/scheme_gallery/entries/9de3deb1/contest.scm]
[inst.eecs.berkeley.edu/_cs61a/fa20/proj/scheme_gallery/entries/a820bac7/artwork.png]
[inst.eecs.berkeley.edu/_cs61a/fa20/proj/scheme_gallery/entries/a820bac7/contest.scm]
[inst.eecs.berkeley.edu/_cs61a/fa20/proj/scheme_gallery/entries/aa07ff5a/artwork.png]
[inst.eecs.berkeley.edu/_cs61a/fa20/proj/scheme_gallery/entries/aa07ff5a/contest.scm]
[inst.eecs.berkeley.edu/_cs61a/fa20/proj/scheme_gallery/entries/bda9643a/artwork.png]
[inst.eecs.berkeley.edu/_cs61a/fa20/proj/scheme_gallery/entries/bda9643a/contest.scm]
[inst.eecs.berkeley.edu/_cs61a/fa20/proj/scheme_gallery/entries/c29c0819/artwork.png]
[inst.eecs.berkeley.edu/_cs61a/fa20/proj/scheme_gallery/entries/c29c0819/contest.scm]
[inst.eecs.berkeley.edu/_cs61a/fa20/proj/scheme_gallery/entries/d3ed09d6/artwork.png]
[inst.eecs.berkeley.edu/_cs61a/fa20/proj/scheme_gallery/entries/d3ed09d6/contest.scm]
[inst.eecs.berkeley.edu/_cs61a/fa20/proj/scheme_gallery/entries/e2d34b0f/artwork.png]
[inst.eecs.berkeley.edu/_cs61a/fa20/proj/scheme_gallery/entries/e2d34b0f/contest.scm]
[inst.eecs.berkeley.edu/_cs61a/fa20/proj/scheme_gallery/entries/e6a6ce80/artwork.png]
[inst.eecs.berkeley.edu/_cs61a/fa20/proj/scheme_gallery/entries/e6a6ce80/contest.scm]
[inst.eecs.berkeley.edu/_cs61a/fa20/proj/scheme_gallery/entries/f8e6ff3c/artwork.png]
[inst.eecs.berkeley.edu/_cs61a/fa20/proj/scheme_gallery/entries/f8e6ff3c/contest.scm]
[inst.eecs.berkeley.edu/_cs61a/fa20/proj/scheme_gallery/entries/late1/artwork.jpg]
[inst.eecs.berkeley.edu/_cs61a/fa20/proj/scheme_gallery/entries/late1/contest.scm]
[inst.eecs.berkeley.edu/_cs61a/fa20/proj/scheme_gallery/entries/05e89b52/artwork.png]
[inst.eecs.berkeley.edu/_cs61a/fa20/proj/scheme_gallery/entries/05e89b52/contest.scm]
[inst.eecs.berkeley.edu/_cs61a/fa20/proj/scheme_gallery/entries/1158f5f8/artwork.png]
[inst.eecs.berkeley.edu/_cs61a/fa20/proj/scheme_gallery/entries/1158f5f8/contest.scm]
[inst.eecs.berkeley.edu/_cs61a/fa20/proj/scheme_gallery/entries/6864819c/artwork.png]
[inst.eecs.berkeley.edu/_cs61a/fa20/proj/scheme_gallery/entries/6864819c/contest.scm]
[inst.eecs.berkeley.edu/_cs61a/fa20/proj/scheme_gallery/entries/6a3de5b1/artwork.png]
[inst.eecs.berkeley.edu/_cs61a/fa20/proj/scheme_gallery/entries/6a3de5b1/contest.scm]
[inst.eecs.berkeley.edu/_cs61a/fa20/proj/scheme_gallery/entries/9c458b24/artwork.png]
[inst.eecs.berkeley.edu/_cs61a/fa20/proj/scheme_gallery/entries/9c458b24/contest.scm]
[inst.eecs.berkeley.edu/_cs61a/fa20/proj/scheme_gallery/entries/c6586b2e/artwork.png]
[inst.eecs.berkeley.edu/_cs61a/fa20/proj/scheme_gallery/entries/c6586b2e/contest.scm]
[inst.eecs.berkeley.edu/_cs61a/fa20/proj/scheme_gallery/entries/c74670f1/artwork.png]
[inst.eecs.berkeley.edu/_cs61a/fa20/proj/scheme_gallery/entries/c74670f1/contest.scm]
[inst.eecs.berkeley.edu/_cs61a/fa20/proj/scheme_gallery/entries/c97e4b00/artwork.png]
[inst.eecs.berkeley.edu/_cs61a/fa20/proj/scheme_gallery/entries/c97e4b00/contest.scm]
[inst.eecs.berkeley.edu/_cs61a/fa20/proj/scheme_gallery/entries/d0e1dc9d/artwork.png]
[inst.eecs.berkeley.edu/_cs61a/fa20/proj/scheme_gallery/entries/d0e1dc9d/contest.scm]
[inst.eecs.berkeley.edu/_cs61a/fa20/proj/scheme_gallery/entries/d2969080/artwork.png]
[inst.eecs.berkeley.edu/_cs61a/fa20/proj/scheme_gallery/entries/d2969080/contest.scm]
[inst.eecs.berkeley.edu/_cs61a/fa20/proj/scheme_gallery/entries/d6b06054/artwork.png]
[inst.eecs.berkeley.edu/_cs61a/fa20/proj/scheme_gallery/entries/d6b06054/contest.scm]
[inst.eecs.berkeley.edu/_cs61a/fa20/proj/scheme_gallery/entries/late2/artwork.png]
[inst.eecs.berkeley.edu/_cs61a/fa20/proj/scheme_gallery/entries/late2/contest.scm]
[inst.eecs.berkeley.edu/_cs61a/fa20/proj/scheme_gallery/entries/66ad6e82/artwork.png]
[inst.eecs.berkeley.edu/_cs61a/fa20/proj/scheme_gallery/entries/66ad6e82/contest.scm]
[inst.eecs.berkeley.edu/_cs61a/fa20/assets/js/sketchy.js]
[inst.eecs.berkeley.edu/_cs61a/fa20/proj/scheme_gallery/index.html]
[inst.eecs.berkeley.edu/_cs61a/fa20/articles/scheme-builtins.html]
[inst.eecs.berkeley.edu/_cs61a/fa20/articles/scheme-spec.html]
[inst.eecs.berkeley.edu/_cs61a/fa20/assets/slides/22.html]
[inst.eecs.berkeley.edu/_cs61a/fa20/proj/hog_contest/hog_contest.zip]
[inst.eecs.berkeley.edu/_cs61a/fa20/assets/slides/15-Mutable_Values_full.pdf]
[inst.eecs.berkeley.edu/_cs61a/fa20/proj/hog_contest/index.html]
[inst.eecs.berkeley.edu/_cs61a/fa20/lab/lab02/lab02.zip]
[inst.eecs.berkeley.edu/_cs61a/fa20/lab/lab02/index.html]
[inst.eecs.berkeley.edu/_cs61a/fa20/lab/lab00/lab00.zip]
[inst.eecs.berkeley.edu/_cs61a/fa20/lab/lab00/assets/Install-Python-on-Windows.jse]
[winaero.com/blog/wp-content/uploads/2015/10/Windows-10-unblock-a-file.png]
[inst.eecs.berkeley.edu/_cs61a/fa20/lab/lab00/assets/git-bash-options.png]
[inst.eecs.berkeley.edu/_cs61a/fa20/lab/lab00/assets/python-windows-install-path.png]
[inst.eecs.berkeley.edu/_cs61a/fa20/lab/lab00/assets/terminal.png]
[www.tenforums.com/attachments/tutorials/Open_PowerShell_window_here_context_menu.png]
[inst.eecs.berkeley.edu/_cs61a/fa20/lab/lab00/assets/terminal_commands.png]
[inst.eecs.berkeley.edu/_cs61a/fa20/lab/lab00/index.html]
[inst.eecs.berkeley.edu/_cs61a/fa20/lab/lab01/lab01.zip]
[inst.eecs.berkeley.edu/_cs61a/fa20/lab/lab01/lab01.py]
[inst.eecs.berkeley.edu/_cs61a/fa20/lab/lab01/index.html]
[inst.eecs.berkeley.edu/_cs61a/fa20/assets/css/searchbox.css]
[indexer.cs61a.org/search.html]
[indexer.cs61a.org/search-2.html]
[inst.eecs.berkeley.edu/_cs61a/fa20/hw/hw01/hw01.zip]
[inst.eecs.berkeley.edu/_cs61a/fa20/hw/hw01/index.html]
[inst.eecs.berkeley.edu/_cs61a/fa20/proj/hog/hog.zip]
[inst.eecs.berkeley.edu/_cs61a/fa20/proj/hog/assets/icon.gif]
[inst.eecs.berkeley.edu/_cs61a/fa20/proj/hog/index.html]
[inst.eecs.berkeley.edu/_cs61a/fa20/hw/hw02/hw02.zip]
[inst.eecs.berkeley.edu/_cs61a/fa20/hw/hw02/hw02.py]
[inst.eecs.berkeley.edu/_cs61a/fa20/hw/hw02/index.html]
[inst.eecs.berkeley.edu/_cs61a/fa20/lab/lab04/lab04.zip]
[upload.wikimedia.org/wikibooks/en/3/37/Algorithms-F6CallTree.png]
[inst.eecs.berkeley.edu/_cs61a/fa20/lab/lab04/assets/grid.jpg]
[inst.eecs.berkeley.edu/_cs61a/fa20/lab/lab04/index.html]
[inst.eecs.berkeley.edu/_cs61a/fa20/proj/cats/cats.zip]
[inst.eecs.berkeley.edu/_cs61a/fa20/proj/cats/images/cats_typing_still.gif]
[inst.eecs.berkeley.edu/_cs61a/fa20/proj/cats/images/cats_typing.gif]
[inst.eecs.berkeley.edu/_cs61a/fa20/proj/cats/index.html]
[inst.eecs.berkeley.edu/_cs61a/fa20/lab/lab05/lab05.zip]
[inst.eecs.berkeley.edu/_cs61a/fa20/lab/lab05/assets/cs61a-tree.png]
[fredhohman.com/card-shuffling/static/images/riffle.gif]
[inst.eecs.berkeley.edu/_cs61a/fa20/lab/lab05/index.html]
[inst.eecs.berkeley.edu/_cs61a/fa20/hw/hw03/hw03.zip]
[inst.eecs.berkeley.edu/_cs61a/fa20/hw/hw03/hw03.py]
[inst.eecs.berkeley.edu/_cs61a/fa20/hw/hw03/assets/mobile-planet.png]
[inst.eecs.berkeley.edu/_cs61a/fa20/hw/hw03/assets/mobile-planet-labeled.png]
[inst.eecs.berkeley.edu/_cs61a/fa20/hw/hw03/assets/preorder.png]
[inst.eecs.berkeley.edu/_cs61a/fa20/hw/hw03/index.html]
[inst.eecs.berkeley.edu/_cs61a/fa20/lab/lab06/lab06.zip]
[inst.eecs.berkeley.edu/_cs61a/fa20/lab/lab06/index.html]
[inst.eecs.berkeley.edu/_cs61a/fa20/hw/hw04/hw04.zip]
[inst.eecs.berkeley.edu/_cs61a/fa20/hw/hw04/index.html]
[inst.eecs.berkeley.edu/_cs61a/fa20/lab/lab07/lab07.zip]
[inst.eecs.berkeley.edu/_cs61a/fa20/lab/lab07/index.html]
[inst.eecs.berkeley.edu/_cs61a/fa20/proj/ants/ants.zip]
[inst.eecs.berkeley.edu/_cs61a/fa20/proj/ants/assets/splash.png]
[inst.eecs.berkeley.edu/_cs61a/fa20/proj/ants/img/gui_explanation.png]
[inst.eecs.berkeley.edu/_cs61a/fa20/proj/ants/assets/colony-drawing.png]
[inst.eecs.berkeley.edu/_cs61a/fa20/proj/ants/assets/insects/ant_harvester.gif]
[inst.eecs.berkeley.edu/_cs61a/fa20/proj/ants/assets/insects/ant_thrower.gif]
[inst.eecs.berkeley.edu/_cs61a/fa20/proj/ants/assets/insects/ant_shortthrower.gif]
[inst.eecs.berkeley.edu/_cs61a/fa20/proj/ants/assets/insects/ant_longthrower.gif]
[inst.eecs.berkeley.edu/_cs61a/fa20/proj/ants/assets/insects/ant_fire.gif]
[inst.eecs.berkeley.edu/_cs61a/fa20/proj/ants/assets/insects/ant_hungry.gif]
[inst.eecs.berkeley.edu/_cs61a/fa20/proj/ants/assets/insects/ant_wall.gif]
[inst.eecs.berkeley.edu/_cs61a/fa20/proj/ants/assets/insects/ant_scuba.gif]
[inst.eecs.berkeley.edu/_cs61a/fa20/proj/ants/assets/insects/ant_queen.gif]
[inst.eecs.berkeley.edu/_cs61a/fa20/proj/ants/assets/insects/ant_ninja.gif]
[inst.eecs.berkeley.edu/_cs61a/fa20/proj/ants/assets/insects/ant_bodyguard.gif]
[inst.eecs.berkeley.edu/_cs61a/fa20/proj/ants/assets/insects/ant_tank.gif]
[inst.eecs.berkeley.edu/_cs61a/fa20/proj/ants/assets/insects/ant_slow.gif]
[inst.eecs.berkeley.edu/_cs61a/fa20/proj/ants/assets/insects/ant_scary.gif]
[inst.eecs.berkeley.edu/_cs61a/fa20/proj/ants/assets/insects/ant_laser.gif]
[inst.eecs.berkeley.edu/_cs61a/fa20/proj/ants/assets/submitted.png]
[inst.eecs.berkeley.edu/_cs61a/fa20/proj/ants/index.html]
[inst.eecs.berkeley.edu/_cs61a/fa20/hw/hw05/hw05.zip]
[inst.eecs.berkeley.edu/_cs61a/fa20/hw/hw05/assets/preorder.png]
[inst.eecs.berkeley.edu/_cs61a/fa20/hw/hw05/index.html]
[inst.eecs.berkeley.edu/_cs61a/fa20/lab/lab08/lab08.zip]
[inst.eecs.berkeley.edu/_cs61a/fa20/lab/lab08/assets/arraylist.png]
[inst.eecs.berkeley.edu/_cs61a/fa20/lab/lab08/assets/linkedlist.png]
[inst.eecs.berkeley.edu/_cs61a/fa20/lab/lab08/assets/arraylist_insert.png]
[inst.eecs.berkeley.edu/_cs61a/fa20/lab/lab08/assets/linkedlist_insert.png]
[inst.eecs.berkeley.edu/_cs61a/fa20/lab/lab08/index.html]
[inst.eecs.berkeley.edu/_cs61a/fa20/lab/lab09/lab09.zip]
[inst.eecs.berkeley.edu/_cs61a/fa20/lab/lab09/index.html]
[inst.eecs.berkeley.edu/_cs61a/fa20/lab/lab10/lab10.zip]
[inst.eecs.berkeley.edu/_cs61a/fa20/lab/lab10/assets/list1.png]
[inst.eecs.berkeley.edu/_cs61a/fa20/lab/lab10/assets/list2.png]
[inst.eecs.berkeley.edu/_cs61a/fa20/lab/lab10/index.html]
[inst.eecs.berkeley.edu/_cs61a/fa20/hw/hw06/hw06.zip]
[inst.eecs.berkeley.edu/_cs61a/fa20/hw/hw06/hw06.scm]
[inst.eecs.berkeley.edu/_cs61a/fa20/hw/hw06/index.html]
[inst.eecs.berkeley.edu/_cs61a/fa20/hw/hw07/hw07.zip]
[inst.eecs.berkeley.edu/_cs61a/fa20/hw/hw07/hw07.scm]
[inst.eecs.berkeley.edu/_cs61a/fa20/hw/hw07/index.html]
[inst.eecs.berkeley.edu/_cs61a/fa20/lab/lab11/lab11.zip]
[inst.eecs.berkeley.edu/_cs61a/fa20/lab/lab11/index.html]
[inst.eecs.berkeley.edu/_cs61a/fa20/proj/scheme/scheme.zip]
[inst.eecs.berkeley.edu/_cs61a/fa20/proj/scheme/images/money_tree.png]
[inst.eecs.berkeley.edu/_cs61a/fa20/proj/scheme/images/let.png]
[inst.eecs.berkeley.edu/_cs61a/fa20/proj/scheme/images/lambda.png]
[inst.eecs.berkeley.edu/_cs61a/fa20/proj/scheme/index.html]
[inst.eecs.berkeley.edu/_cs61a/fa20/proj/scheme_stubbed/scheme_stubbed.zip]
[inst.eecs.berkeley.edu/_cs61a/fa20/proj/scheme_stubbed/images/money_tree.png]
[inst.eecs.berkeley.edu/_cs61a/fa20/proj/scheme_stubbed/images/let.png]
[inst.eecs.berkeley.edu/_cs61a/fa20/proj/scheme_stubbed/images/lambda.png]
[inst.eecs.berkeley.edu/_cs61a/fa20/proj/scheme_stubbed/index.html]
[inst.eecs.berkeley.edu/_cs61a/fa20/hw/hw08/hw08.zip]
[inst.eecs.berkeley.edu/_cs61a/fa20/hw/hw08/hw08.scm]
[inst.eecs.berkeley.edu/_cs61a/fa20/hw/hw08/index.html]
[inst.eecs.berkeley.edu/_cs61a/fa20/lab/lab12/lab12.zip]
[inst.eecs.berkeley.edu/_cs61a/fa20/lab/lab12/assets/big-game.png]
[inst.eecs.berkeley.edu/_cs61a/fa20/lab/lab12/assets/joins.png]
[inst.eecs.berkeley.edu/_cs61a/fa20/lab/lab12/index.html]
[inst.eecs.berkeley.edu/_cs61a/fa20/proj/scheme_contest/scheme_contest.zip]
[inst.eecs.berkeley.edu/_cs61a/fa20/proj/scheme_contest/index.html]
[inst.eecs.berkeley.edu/_cs61a/fa20/hw/hw09/hw09.zip]
[inst.eecs.berkeley.edu/_cs61a/fa20/hw/hw09/index.html]
[inst.eecs.berkeley.edu/_cs61a/fa20/lab/lab13/lab13.zip]
[inst.eecs.berkeley.edu/_cs61a/fa20/lab/lab13/index.html]
[inst.eecs.berkeley.edu/_cs61a/fa20/lab/lab14/lab14.zip]
[inst.eecs.berkeley.edu/_cs61a/fa20/lab/lab14/index.html]
[inst.eecs.berkeley.edu/_cs61a/fa20/hw/hw10/index.html]
[inst.eecs.berkeley.edu/_cs61a/fa20/staff.html]
[inst.eecs.berkeley.edu/_cs61a/fa20/articles/studying.html]
[inst.eecs.berkeley.edu/_cs61a/fa20/articles/debugging.html]
[inst.eecs.berkeley.edu/_cs61a/fa20/articles/composition.html]
[inst.eecs.berkeley.edu/_cs61a/fa20/HEAD.html]
[cdnjs.cloudflare.com/ajax/libs/fullcalendar/2.9.1/fullcalendar.min.css]
[inst.eecs.berkeley.edu/_cs61a/fa20/assets/css/calendar.css]
[github.com/Cal-CS-61A-Staff/staff-images/raw/master/fa20/andrew-mcguire.html]
[github.com/Cal-CS-61A-Staff/staff-images/raw/master/fa20/jazzly-anderson.html]
[github.com/Cal-CS-61A-Staff/staff-images/raw/master/fa20/robert-lin.html]
[github.com/Cal-CS-61A-Staff/staff-images/raw/master/fa20/roy-zhou.html]
[inst.eecs.berkeley.edu/_cs61a/fa20/exam/fa20/final/61a-fa20-final_sol.html]
[inst.eecs.berkeley.edu/_cs61a/fa20/exam/fa19/final/61a-fa19-final_sol.html]
[inst.eecs.berkeley.edu/_cs61a/fa20/exam/su19/final/61a-su19-final_sol.html]
[inst.eecs.berkeley.edu/_cs61a/fa20/exam/fa20/mt2/61a-fa20-mt2_sol.html]
[inst.eecs.berkeley.edu/_cs61a/fa20/exam/sp20/mt2/61a-sp20-mt2-solution.html]
[inst.eecs.berkeley.edu/_cs61a/fa20/exam/fa19/mt2/61a-fa19-mt2_sol.html]
[inst.eecs.berkeley.edu/_cs61a/fa20/exam/fa18/mt2/61a-fa18-mt2_sol.html]
[inst.eecs.berkeley.edu/_cs61a/fa20/exam/sp18/mt2/61a-sp18-mt2_sol.html]
[inst.eecs.berkeley.edu/_cs61a/fa20/exam/fa17/mt2/61a-fa17-mt2.html]
[inst.eecs.berkeley.edu/_cs61a/fa20/exam/fa17/mt2/61a-fa17-mt2_sol.html]
[inst.eecs.berkeley.edu/_cs61a/fa20/exam/sp17/mt1/61a-sp17-mt1.html]
[inst.eecs.berkeley.edu/_cs61a/fa20/exam/sp17/mt1/61a-sp17-mt1_sol.html]
[inst.eecs.berkeley.edu/_cs61a/fa20/exam/sp17/mt2/61a-sp17-mt2.html]
[inst.eecs.berkeley.edu/_cs61a/fa20/exam/sp17/mt2/61a-sp17-mt2_sol.html]
[inst.eecs.berkeley.edu/_cs61a/fa20/exam/fa16/mt2/61a-fa16-mt2_sol.html]
[inst.eecs.berkeley.edu/_cs61a/fa20/exam/su19/mt/61a-su19-mt_sol.html]
[inst.eecs.berkeley.edu/_cs61a/fa20/exam/su20/practice-mt/61a-su20-practice-mt-solution.html]
[inst.eecs.berkeley.edu/_cs61a/fa20/exam/sp16/mt1/61a-sp16-mt1.html]
[inst.eecs.berkeley.edu/_cs61a/fa20/exam/sp16/mt1/61a-sp16-mt1_sol.html]
[inst.eecs.berkeley.edu/_cs61a/fa20/exam/su20/mt1/61a-su20-mt1-solution.html]
[inst.eecs.berkeley.edu/_cs61a/fa20/exam/sp18/mt1/61a-sp18-mt1_sol.html]
[inst.eecs.berkeley.edu/_cs61a/fa20/exam/fa17/mt1/61a-fa17-mt1.html]
[inst.eecs.berkeley.edu/_cs61a/fa20/exam/fa17/mt1/61a-fa17-mt1_sol.html]
[inst.eecs.berkeley.edu/_cs61a/fa20/exam/fa16/mt1/61a-fa16-mt1_sol.html]
[inst.eecs.berkeley.edu/_cs61a/fa20/exam/fa20/mt1/61a-fa20-mt1_sol.html]
[inst.eecs.berkeley.edu/_cs61a/fa20/exam/sp20/mt1/61a-sp20-mt1_sol.html]
[inst.eecs.berkeley.edu/_cs61a/fa20/exam/fa19/mt1/61a-fa19-mt1_sol.html]
[inst.eecs.berkeley.edu/_cs61a/fa20/exam/fa18/mt1/61a-fa18-mt1_sol.html]
[inst.eecs.berkeley.edu/_cs61a/fa20/exam/sp19/mt1/61a-sp19-mt1_sol.html]
[inst.eecs.berkeley.edu/_cs61a/fa20/articles/pair-programming.html]
[inst.eecs.berkeley.edu/_cs61a/fa20/assets/css/project.css]
[inst.eecs.berkeley.edu/_cs61a/fa20/proj/scheme_gallery/scheme_gallery.html]
[cdn.jsdelivr.net/gh/okpy/pytutor@master/pytutor.js]
[inst.eecs.berkeley.edu/_cs61a/fa20/lab/lab02/ok.html]
[inst.eecs.berkeley.edu/_cs61a/fa20/lab/lab00/ok.html]
[inst.eecs.berkeley.edu/_cs61a/fa20/lab/lab00/_a href='https_/youtu.be/irwlU7esODA'_ https_/youtu.be/irwlU7esODA _/a_.html]
[inst.eecs.berkeley.edu/_cs61a/fa20/articles/assets/vscode-blank.png]
[inst.eecs.berkeley.edu/_cs61a/fa20/articles/assets/vscode-welcome-function.png]
[inst.eecs.berkeley.edu/_cs61a/fa20/articles/assets/vscode-extensions.png]
[inst.eecs.berkeley.edu/_cs61a/fa20/articles/vscode.html]
[inst.eecs.berkeley.edu/_cs61a/fa20/articles/assets/atom-empty-project.png]
[inst.eecs.berkeley.edu/_cs61a/fa20/articles/assets/atom-greet.png]
[inst.eecs.berkeley.edu/_cs61a/fa20/articles/atom.html]
[inst.eecs.berkeley.edu/_cs61a/fa20/articles/assets/sublime-blank.png]
[inst.eecs.berkeley.edu/_cs61a/fa20/articles/assets/sublime-greet-function.png]
[inst.eecs.berkeley.edu/_cs61a/fa20/articles/assets/sublime-control-panel.png]
[inst.eecs.berkeley.edu/_cs61a/fa20/articles/sublime.html]
[inst.eecs.berkeley.edu/_cs61a/fa20/articles/assets/emacs-splash.png]
[inst.eecs.berkeley.edu/_cs61a/fa20/articles/assets/emacs-menu-new-file.png]
[inst.eecs.berkeley.edu/_cs61a/fa20/articles/assets/emacs-greet.png]
[sachachua.com/blog/wp-content/uploads/2013/05/How-to-Learn-Emacs-v2-Large.png]
[sachachua.com/blog/wp-content/uploads/2013/08/20130830-Emacs-Newbie-How-to-Learn-Emacs-Keyboard-Shortcuts.png]
[inst.eecs.berkeley.edu/_cs61a/fa20/articles/emacs.html]
[inst.eecs.berkeley.edu/_cs61a/fa20/articles/assets/vim-start.png]
[inst.eecs.berkeley.edu/_cs61a/fa20/articles/assets/vim-greet-function.png]
[inst.eecs.berkeley.edu/_cs61a/fa20/articles/assets/vim-modes.png]
[inst.eecs.berkeley.edu/_cs61a/fa20/articles/vim.html]
[inst.eecs.berkeley.edu/_cs61a/fa20/articles/assets/unix.txt]
[inst.eecs.berkeley.edu/_cs61a/fa20/articles/unix.html]
[inst.eecs.berkeley.edu/_cs61a/fa20/articles/assets/custom-test.png]
[inst.eecs.berkeley.edu/_cs61a/fa20/articles/using-ok.html]
[inst.eecs.berkeley.edu/_cs61a/fa20/lab/lab01/ok.html]
[inst.eecs.berkeley.edu/_cs61a/fa20/assets/css/hw.css]
[inst.eecs.berkeley.edu/_cs61a/fa20/proj/hog/images/cats_typing.html]
[inst.eecs.berkeley.edu/_cs61a/fa20/proj/hog/images/cats_typing_still.html]
[inst.eecs.berkeley.edu/_cs61a/fa20/lab/lab04/ok.html]
[inst.eecs.berkeley.edu/_cs61a/fa20/lab/lab05/ok.html]
[inst.eecs.berkeley.edu/_cs61a/fa20/lab/lab06/ok.html]
[inst.eecs.berkeley.edu/_cs61a/fa20/hw/hw04/hw04.html]
[inst.eecs.berkeley.edu/_cs61a/fa20/lab/lab07/ok.html]
[inst.eecs.berkeley.edu/_cs61a/fa20/proj/ants/images/cats_typing.html]
[inst.eecs.berkeley.edu/_cs61a/fa20/proj/ants/images/cats_typing_still.html]
[inst.eecs.berkeley.edu/_cs61a/fa20/hw/hw05/hw05.html]
[inst.eecs.berkeley.edu/_cs61a/fa20/lab/lab08/ok.html]
[inst.eecs.berkeley.edu/_cs61a/fa20/lab/lab09/ok.html]
[inst.eecs.berkeley.edu/_cs61a/fa20/lab/lab10/ok.html]
[inst.eecs.berkeley.edu/_cs61a/fa20/lab/lab11/ok.html]
[inst.eecs.berkeley.edu/_cs61a/fa20/proj/scheme/images/cats_typing.html]
[inst.eecs.berkeley.edu/_cs61a/fa20/proj/scheme/images/cats_typing_still.html]
[inst.eecs.berkeley.edu/_cs61a/fa20/proj/scheme_stubbed/images/cats_typing.html]
[inst.eecs.berkeley.edu/_cs61a/fa20/proj/scheme_stubbed/images/cats_typing_still.html]
[inst.eecs.berkeley.edu/_cs61a/fa20/lab/lab12/ok.html]
[inst.eecs.berkeley.edu/_cs61a/fa20/lab/lab13/ok.html]
[inst.eecs.berkeley.edu/_cs61a/fa20/lab/lab14/ok.html]
[inst.eecs.berkeley.edu/_cs61a/fa20/'/TAs.html]
[inst.eecs.berkeley.edu/_cs61a/fa20/lab/lab02/data,.html]
[inst.eecs.berkeley.edu/_cs61a/fa20/lab/lab02/{.html]
[inst.eecs.berkeley.edu/_cs61a/fa20/lab/lab02/{}{}9991.html]
[inst.eecs.berkeley.edu/_cs61a/fa20/lab/lab02/qs.html]
[inst.eecs.berkeley.edu/_cs61a/fa20/lab/lab02/input('Paste.html]
[inst.eecs.berkeley.edu/_cs61a/fa20/lab/lab02/json.html]
[inst.eecs.berkeley.edu/_cs61a/fa20/lab/lab02/data).html]
[inst.eecs.berkeley.edu/_cs61a/fa20/lab/lab02/json-2.html]
[inst.eecs.berkeley.edu/_cs61a/fa20/lab/lab02/json-3.html]
[inst.eecs.berkeley.edu/_cs61a/fa20/lab/lab02/json-4.html]
[inst.eecs.berkeley.edu/_cs61a/fa20/lab/lab02/json-5.html]
[inst.eecs.berkeley.edu/_cs61a/fa20/lab/lab02/json-6.html]
[inst.eecs.berkeley.edu/_cs61a/fa20/lab/lab02/database_url.html]
[inst.eecs.berkeley.edu/_cs61a/fa20/lab/lab02/json.dumps(data).html]
[inst.eecs.berkeley.edu/_cs61a/fa20/lab/lab02/sorted(dict(new_list).html]
[inst.eecs.berkeley.edu/_cs61a/fa20/lab/lab02/[].html]
[inst.eecs.berkeley.edu/_cs61a/fa20/lab/lab02/fdata,.html]
[inst.eecs.berkeley.edu/_cs61a/fa20/lab/lab02/self._decoder.html]
[inst.eecs.berkeley.edu/_cs61a/fa20/lab/lab02/self._fp.html]
[inst.eecs.berkeley.edu/_cs61a/fa20/lab/lab02/self._fp-2.html]
[inst.eecs.berkeley.edu/_cs61a/fa20/lab/lab02/self.html]
[inst.eecs.berkeley.edu/_cs61a/fa20/lab/lab02/self-2.html]
[inst.eecs.berkeley.edu/_cs61a/fa20/lab/lab02/url,.html]
[inst.eecs.berkeley.edu/_cs61a/fa20/lab/lab02/six.html]
[inst.eecs.berkeley.edu/_cs61a/fa20/lab/lab02/six.ensure_str(parse_url(url).html]
[inst.eecs.berkeley.edu/_cs61a/fa20/lab/lab02/None,.html]
[inst.eecs.berkeley.edu/_cs61a/fa20/lab/lab02/str(data).html]
[inst.eecs.berkeley.edu/_cs61a/fa20/lab/lab02/style.html]
[inst.eecs.berkeley.edu/_cs61a/fa20/lab/lab02/jquery.min.html]
[inst.eecs.berkeley.edu/_cs61a/fa20/lab/lab02/jquery.ba-throttle-debounce.min.html]
[inst.eecs.berkeley.edu/_cs61a/fa20/lab/lab02/jquery.hotkeys.html]
[inst.eecs.berkeley.edu/_cs61a/fa20/lab/lab02/jquery.isonscreen.html]
[inst.eecs.berkeley.edu/_cs61a/fa20/lab/lab02/jquery.tablesorter.min.html]
[inst.eecs.berkeley.edu/_cs61a/fa20/lab/lab02/coverage_html.html]
[inst.eecs.berkeley.edu/_cs61a/fa20/lab/lab02/keybd_closed.html]
[inst.eecs.berkeley.edu/_cs61a/fa20/lab/lab02/keybd_open.html]
[inst.eecs.berkeley.edu/_cs61a/fa20/lab/lab02/pyfile.html]
[inst.eecs.berkeley.edu/_cs61a/fa20/lab/lab02/frame.f_code.html]
[inst.eecs.berkeley.edu/_cs61a/fa20/lab/lab02/c).html]
[inst.eecs.berkeley.edu/_cs61a/fa20/lab/lab02/=.html]
[inst.eecs.berkeley.edu/_cs61a/fa20/lab/lab02/-none-.html]
[inst.eecs.berkeley.edu/_cs61a/fa20/lab/lab02/zi.html]
[inst.eecs.berkeley.edu/_cs61a/fa20/lab/lab02/$py.html]
[inst.eecs.berkeley.edu/_cs61a/fa20/lab/lab02/200,.html]
[inst.eecs.berkeley.edu/pytutor.html]
[inst.eecs.berkeley.edu/_cs61a/fa20/lab/lab02/200).html]
[inst.eecs.berkeley.edu/_cs61a/fa20/lab/lab02/404).html]
[pythontutor.com/js/d3.v2.min.html]
[pythontutor.com/js/jquery-1.8.2.min.html]
[pythontutor.com/js/jquery.simplemodal.html]
[pythontutor.com/js/jquery.ba-bbq.min.html]
[pythontutor.com/js/jquery.jsPlumb-1.3.10-all-min.html]
[pythontutor.com/js/jquery-ui-1.11.4/jquery-ui.min.html]
[pythontutor.com/js/jquery-ui-1.11.4/jquery-ui.html]
[pythontutor.com/css/x.png]
[pythontutor.com/css/basic.css]
[pythontutor.com/css/pytutor.css]
[inst.eecs.berkeley.edu/_cs61a/fa20/lab/lab00/data,.html]
[inst.eecs.berkeley.edu/_cs61a/fa20/lab/lab00/{.html]
[inst.eecs.berkeley.edu/_cs61a/fa20/lab/lab00/{}{}9991.html]
[inst.eecs.berkeley.edu/_cs61a/fa20/lab/lab00/qs.html]
[inst.eecs.berkeley.edu/_cs61a/fa20/lab/lab00/input('Paste.html]
[inst.eecs.berkeley.edu/_cs61a/fa20/lab/lab00/json.html]
[inst.eecs.berkeley.edu/_cs61a/fa20/lab/lab00/data).html]
[inst.eecs.berkeley.edu/_cs61a/fa20/lab/lab00/json-2.html]
[inst.eecs.berkeley.edu/_cs61a/fa20/lab/lab00/json-3.html]
[inst.eecs.berkeley.edu/_cs61a/fa20/lab/lab00/json-4.html]
[inst.eecs.berkeley.edu/_cs61a/fa20/lab/lab00/json-5.html]
[inst.eecs.berkeley.edu/_cs61a/fa20/lab/lab00/json-6.html]
[inst.eecs.berkeley.edu/_cs61a/fa20/lab/lab00/database_url.html]
[inst.eecs.berkeley.edu/_cs61a/fa20/lab/lab00/json.dumps(data).html]
[inst.eecs.berkeley.edu/_cs61a/fa20/lab/lab00/sorted(dict(new_list).html]
[inst.eecs.berkeley.edu/_cs61a/fa20/lab/lab00/[].html]
[inst.eecs.berkeley.edu/_cs61a/fa20/lab/lab00/fdata,.html]
[inst.eecs.berkeley.edu/_cs61a/fa20/lab/lab00/self._decoder.html]
[inst.eecs.berkeley.edu/_cs61a/fa20/lab/lab00/self._fp.html]
[inst.eecs.berkeley.edu/_cs61a/fa20/lab/lab00/self._fp-2.html]
[inst.eecs.berkeley.edu/_cs61a/fa20/lab/lab00/self.html]
[inst.eecs.berkeley.edu/_cs61a/fa20/lab/lab00/self-2.html]
[inst.eecs.berkeley.edu/_cs61a/fa20/lab/lab00/url,.html]
[inst.eecs.berkeley.edu/_cs61a/fa20/lab/lab00/six.html]
[inst.eecs.berkeley.edu/_cs61a/fa20/lab/lab00/six.ensure_str(parse_url(url).html]
[inst.eecs.berkeley.edu/_cs61a/fa20/lab/lab00/None,.html]
[inst.eecs.berkeley.edu/_cs61a/fa20/lab/lab00/str(data).html]
[inst.eecs.berkeley.edu/_cs61a/fa20/lab/lab00/style.html]
[inst.eecs.berkeley.edu/_cs61a/fa20/lab/lab00/jquery.min.html]
[inst.eecs.berkeley.edu/_cs61a/fa20/lab/lab00/jquery.ba-throttle-debounce.min.html]
[inst.eecs.berkeley.edu/_cs61a/fa20/lab/lab00/jquery.hotkeys.html]
[inst.eecs.berkeley.edu/_cs61a/fa20/lab/lab00/jquery.isonscreen.html]
[inst.eecs.berkeley.edu/_cs61a/fa20/lab/lab00/jquery.tablesorter.min.html]
[inst.eecs.berkeley.edu/_cs61a/fa20/lab/lab00/coverage_html.html]
[inst.eecs.berkeley.edu/_cs61a/fa20/lab/lab00/keybd_closed.html]
[inst.eecs.berkeley.edu/_cs61a/fa20/lab/lab00/keybd_open.html]
[inst.eecs.berkeley.edu/_cs61a/fa20/lab/lab00/pyfile.html]
[inst.eecs.berkeley.edu/_cs61a/fa20/lab/lab00/frame.f_code.html]
[inst.eecs.berkeley.edu/_cs61a/fa20/lab/lab00/c).html]
[inst.eecs.berkeley.edu/_cs61a/fa20/lab/lab00/=.html]
[inst.eecs.berkeley.edu/_cs61a/fa20/lab/lab00/-none-.html]
[inst.eecs.berkeley.edu/_cs61a/fa20/lab/lab00/zi.html]
[inst.eecs.berkeley.edu/_cs61a/fa20/lab/lab00/$py.html]
[inst.eecs.berkeley.edu/_cs61a/fa20/lab/lab00/200,.html]
[inst.eecs.berkeley.edu/_cs61a/fa20/lab/lab00/200).html]
[inst.eecs.berkeley.edu/_cs61a/fa20/lab/lab00/404).html]
[inst.eecs.berkeley.edu/_cs61a/fa20/articles/_a href='https_/youtu.be/6tQx-J4nBSY'_ https_/youtu.be/6tQx-J4nBSY _/a_.html]
[inst.eecs.berkeley.edu/_cs61a/fa20/lab00/index.html]
[inst.eecs.berkeley.edu/_cs61a/fa20/articles/_a href='https_/youtu.be/3qx_RfKbvuQ'_ https_/youtu.be/3qx_RfKbvuQ _/a_.html]
[inst.eecs.berkeley.edu/_cs61a/fa20/lab/lab01/data,.html]
[inst.eecs.berkeley.edu/_cs61a/fa20/lab/lab01/{.html]
[inst.eecs.berkeley.edu/_cs61a/fa20/lab/lab01/{}{}9991.html]
[inst.eecs.berkeley.edu/_cs61a/fa20/lab/lab01/qs.html]
[inst.eecs.berkeley.edu/_cs61a/fa20/lab/lab01/input('Paste.html]
[inst.eecs.berkeley.edu/_cs61a/fa20/lab/lab01/json.html]
[inst.eecs.berkeley.edu/_cs61a/fa20/lab/lab01/data).html]
[inst.eecs.berkeley.edu/_cs61a/fa20/lab/lab01/json-2.html]
[inst.eecs.berkeley.edu/_cs61a/fa20/lab/lab01/json-3.html]
[inst.eecs.berkeley.edu/_cs61a/fa20/lab/lab01/json-4.html]
[inst.eecs.berkeley.edu/_cs61a/fa20/lab/lab01/json-5.html]
[inst.eecs.berkeley.edu/_cs61a/fa20/lab/lab01/json-6.html]
[inst.eecs.berkeley.edu/_cs61a/fa20/lab/lab01/database_url.html]
[inst.eecs.berkeley.edu/_cs61a/fa20/lab/lab01/json.dumps(data).html]
[inst.eecs.berkeley.edu/_cs61a/fa20/lab/lab01/sorted(dict(new_list).html]
[inst.eecs.berkeley.edu/_cs61a/fa20/lab/lab01/[].html]
[inst.eecs.berkeley.edu/_cs61a/fa20/lab/lab01/fdata,.html]
[inst.eecs.berkeley.edu/_cs61a/fa20/lab/lab01/self._decoder.html]
[inst.eecs.berkeley.edu/_cs61a/fa20/lab/lab01/self._fp.html]
[inst.eecs.berkeley.edu/_cs61a/fa20/lab/lab01/self._fp-2.html]
[inst.eecs.berkeley.edu/_cs61a/fa20/lab/lab01/self.html]
[inst.eecs.berkeley.edu/_cs61a/fa20/lab/lab01/self-2.html]
[inst.eecs.berkeley.edu/_cs61a/fa20/lab/lab01/url,.html]
[inst.eecs.berkeley.edu/_cs61a/fa20/lab/lab01/six.html]
[inst.eecs.berkeley.edu/_cs61a/fa20/lab/lab01/six.ensure_str(parse_url(url).html]
[inst.eecs.berkeley.edu/_cs61a/fa20/lab/lab01/None,.html]
[inst.eecs.berkeley.edu/_cs61a/fa20/lab/lab01/str(data).html]
[inst.eecs.berkeley.edu/_cs61a/fa20/lab/lab01/style.html]
[inst.eecs.berkeley.edu/_cs61a/fa20/lab/lab01/jquery.min.html]
[inst.eecs.berkeley.edu/_cs61a/fa20/lab/lab01/jquery.ba-throttle-debounce.min.html]
[inst.eecs.berkeley.edu/_cs61a/fa20/lab/lab01/jquery.hotkeys.html]
[inst.eecs.berkeley.edu/_cs61a/fa20/lab/lab01/jquery.isonscreen.html]
[inst.eecs.berkeley.edu/_cs61a/fa20/lab/lab01/jquery.tablesorter.min.html]
[inst.eecs.berkeley.edu/_cs61a/fa20/lab/lab01/coverage_html.html]
[inst.eecs.berkeley.edu/_cs61a/fa20/lab/lab01/keybd_closed.html]
[inst.eecs.berkeley.edu/_cs61a/fa20/lab/lab01/keybd_open.html]
[inst.eecs.berkeley.edu/_cs61a/fa20/lab/lab01/pyfile.html]
[inst.eecs.berkeley.edu/_cs61a/fa20/lab/lab01/frame.f_code.html]
[inst.eecs.berkeley.edu/_cs61a/fa20/lab/lab01/c).html]
[inst.eecs.berkeley.edu/_cs61a/fa20/lab/lab01/=.html]
[inst.eecs.berkeley.edu/_cs61a/fa20/lab/lab01/-none-.html]
[inst.eecs.berkeley.edu/_cs61a/fa20/lab/lab01/zi.html]
[inst.eecs.berkeley.edu/_cs61a/fa20/lab/lab01/$py.html]
[inst.eecs.berkeley.edu/_cs61a/fa20/lab/lab01/200,.html]
[inst.eecs.berkeley.edu/_cs61a/fa20/lab/lab01/200).html]
[inst.eecs.berkeley.edu/_cs61a/fa20/lab/lab01/404).html]
[inst.eecs.berkeley.edu/_cs61a/fa20/lab/lab04/data,.html]
[inst.eecs.berkeley.edu/_cs61a/fa20/lab/lab04/{.html]
[inst.eecs.berkeley.edu/_cs61a/fa20/lab/lab04/{}{}9991.html]
[inst.eecs.berkeley.edu/_cs61a/fa20/lab/lab04/qs.html]
[inst.eecs.berkeley.edu/_cs61a/fa20/lab/lab04/input('Paste.html]
[inst.eecs.berkeley.edu/_cs61a/fa20/lab/lab04/json.html]
[inst.eecs.berkeley.edu/_cs61a/fa20/lab/lab04/data).html]
[inst.eecs.berkeley.edu/_cs61a/fa20/lab/lab04/json-2.html]
[inst.eecs.berkeley.edu/_cs61a/fa20/lab/lab04/json-3.html]
[inst.eecs.berkeley.edu/_cs61a/fa20/lab/lab04/json-4.html]
[inst.eecs.berkeley.edu/_cs61a/fa20/lab/lab04/json-5.html]
[inst.eecs.berkeley.edu/_cs61a/fa20/lab/lab04/json-6.html]
[inst.eecs.berkeley.edu/_cs61a/fa20/lab/lab04/database_url.html]
[inst.eecs.berkeley.edu/_cs61a/fa20/lab/lab04/json.dumps(data).html]
[inst.eecs.berkeley.edu/_cs61a/fa20/lab/lab04/sorted(dict(new_list).html]
[inst.eecs.berkeley.edu/_cs61a/fa20/lab/lab04/[].html]
[inst.eecs.berkeley.edu/_cs61a/fa20/lab/lab04/fdata,.html]
[inst.eecs.berkeley.edu/_cs61a/fa20/lab/lab04/self._decoder.html]
[inst.eecs.berkeley.edu/_cs61a/fa20/lab/lab04/self._fp.html]
[inst.eecs.berkeley.edu/_cs61a/fa20/lab/lab04/self._fp-2.html]
[inst.eecs.berkeley.edu/_cs61a/fa20/lab/lab04/self.html]
[inst.eecs.berkeley.edu/_cs61a/fa20/lab/lab04/self-2.html]
[inst.eecs.berkeley.edu/_cs61a/fa20/lab/lab04/url,.html]
[inst.eecs.berkeley.edu/_cs61a/fa20/lab/lab04/six.html]
[inst.eecs.berkeley.edu/_cs61a/fa20/lab/lab04/six.ensure_str(parse_url(url).html]
[inst.eecs.berkeley.edu/_cs61a/fa20/lab/lab04/None,.html]
[inst.eecs.berkeley.edu/_cs61a/fa20/lab/lab04/str(data).html]
[inst.eecs.berkeley.edu/_cs61a/fa20/lab/lab04/style.html]
[inst.eecs.berkeley.edu/_cs61a/fa20/lab/lab04/jquery.min.html]
[inst.eecs.berkeley.edu/_cs61a/fa20/lab/lab04/jquery.ba-throttle-debounce.min.html]
[inst.eecs.berkeley.edu/_cs61a/fa20/lab/lab04/jquery.hotkeys.html]
[inst.eecs.berkeley.edu/_cs61a/fa20/lab/lab04/jquery.isonscreen.html]
[inst.eecs.berkeley.edu/_cs61a/fa20/lab/lab04/jquery.tablesorter.min.html]
[inst.eecs.berkeley.edu/_cs61a/fa20/lab/lab04/coverage_html.html]
[inst.eecs.berkeley.edu/_cs61a/fa20/lab/lab04/keybd_closed.html]
[inst.eecs.berkeley.edu/_cs61a/fa20/lab/lab04/keybd_open.html]
[inst.eecs.berkeley.edu/_cs61a/fa20/lab/lab04/pyfile.html]
[inst.eecs.berkeley.edu/_cs61a/fa20/lab/lab04/frame.f_code.html]
[inst.eecs.berkeley.edu/_cs61a/fa20/lab/lab04/c).html]
[inst.eecs.berkeley.edu/_cs61a/fa20/lab/lab04/=.html]
[inst.eecs.berkeley.edu/_cs61a/fa20/lab/lab04/-none-.html]
[inst.eecs.berkeley.edu/_cs61a/fa20/lab/lab04/zi.html]
[inst.eecs.berkeley.edu/_cs61a/fa20/lab/lab04/$py.html]
[inst.eecs.berkeley.edu/_cs61a/fa20/lab/lab04/200,.html]
[inst.eecs.berkeley.edu/_cs61a/fa20/lab/lab04/200).html]
[inst.eecs.berkeley.edu/_cs61a/fa20/lab/lab04/404).html]
[inst.eecs.berkeley.edu/_cs61a/fa20/lab/lab05/data,.html]
[inst.eecs.berkeley.edu/_cs61a/fa20/lab/lab05/{.html]
[inst.eecs.berkeley.edu/_cs61a/fa20/lab/lab05/{}{}9991.html]
[inst.eecs.berkeley.edu/_cs61a/fa20/lab/lab05/qs.html]
[inst.eecs.berkeley.edu/_cs61a/fa20/lab/lab05/input('Paste.html]
[inst.eecs.berkeley.edu/_cs61a/fa20/lab/lab05/json.html]
[inst.eecs.berkeley.edu/_cs61a/fa20/lab/lab05/data).html]
[inst.eecs.berkeley.edu/_cs61a/fa20/lab/lab05/json-2.html]
[inst.eecs.berkeley.edu/_cs61a/fa20/lab/lab05/json-3.html]
[inst.eecs.berkeley.edu/_cs61a/fa20/lab/lab05/json-4.html]
[inst.eecs.berkeley.edu/_cs61a/fa20/lab/lab05/json-5.html]
[inst.eecs.berkeley.edu/_cs61a/fa20/lab/lab05/json-6.html]
[inst.eecs.berkeley.edu/_cs61a/fa20/lab/lab05/database_url.html]
[inst.eecs.berkeley.edu/_cs61a/fa20/lab/lab05/json.dumps(data).html]
[inst.eecs.berkeley.edu/_cs61a/fa20/lab/lab05/sorted(dict(new_list).html]
[inst.eecs.berkeley.edu/_cs61a/fa20/lab/lab05/[].html]
[inst.eecs.berkeley.edu/_cs61a/fa20/lab/lab05/fdata,.html]
[inst.eecs.berkeley.edu/_cs61a/fa20/lab/lab05/self._decoder.html]
[inst.eecs.berkeley.edu/_cs61a/fa20/lab/lab05/self._fp.html]
[inst.eecs.berkeley.edu/_cs61a/fa20/lab/lab05/self._fp-2.html]
[inst.eecs.berkeley.edu/_cs61a/fa20/lab/lab05/self.html]
[inst.eecs.berkeley.edu/_cs61a/fa20/lab/lab05/self-2.html]
[inst.eecs.berkeley.edu/_cs61a/fa20/lab/lab05/url,.html]
[inst.eecs.berkeley.edu/_cs61a/fa20/lab/lab05/six.html]
[inst.eecs.berkeley.edu/_cs61a/fa20/lab/lab05/six.ensure_str(parse_url(url).html]
[inst.eecs.berkeley.edu/_cs61a/fa20/lab/lab05/None,.html]
[inst.eecs.berkeley.edu/_cs61a/fa20/lab/lab05/str(data).html]
[inst.eecs.berkeley.edu/_cs61a/fa20/lab/lab05/style.html]
[inst.eecs.berkeley.edu/_cs61a/fa20/lab/lab05/jquery.min.html]
[inst.eecs.berkeley.edu/_cs61a/fa20/lab/lab05/jquery.ba-throttle-debounce.min.html]
[inst.eecs.berkeley.edu/_cs61a/fa20/lab/lab05/jquery.hotkeys.html]
[inst.eecs.berkeley.edu/_cs61a/fa20/lab/lab05/jquery.isonscreen.html]
[inst.eecs.berkeley.edu/_cs61a/fa20/lab/lab05/jquery.tablesorter.min.html]
[inst.eecs.berkeley.edu/_cs61a/fa20/lab/lab05/coverage_html.html]
[inst.eecs.berkeley.edu/_cs61a/fa20/lab/lab05/keybd_closed.html]
[inst.eecs.berkeley.edu/_cs61a/fa20/lab/lab05/keybd_open.html]
[inst.eecs.berkeley.edu/_cs61a/fa20/lab/lab05/pyfile.html]
[inst.eecs.berkeley.edu/_cs61a/fa20/lab/lab05/frame.f_code.html]
[inst.eecs.berkeley.edu/_cs61a/fa20/lab/lab05/c).html]
[inst.eecs.berkeley.edu/_cs61a/fa20/lab/lab05/=.html]
[inst.eecs.berkeley.edu/_cs61a/fa20/lab/lab05/-none-.html]
[inst.eecs.berkeley.edu/_cs61a/fa20/lab/lab05/zi.html]
[inst.eecs.berkeley.edu/_cs61a/fa20/lab/lab05/$py.html]
[inst.eecs.berkeley.edu/_cs61a/fa20/lab/lab05/200,.html]
[inst.eecs.berkeley.edu/_cs61a/fa20/lab/lab05/200).html]
[inst.eecs.berkeley.edu/_cs61a/fa20/lab/lab05/404).html]
[inst.eecs.berkeley.edu/_cs61a/fa20/lab/lab06/data,.html]
[inst.eecs.berkeley.edu/_cs61a/fa20/lab/lab06/{.html]
[inst.eecs.berkeley.edu/_cs61a/fa20/lab/lab06/{}{}9991.html]
[inst.eecs.berkeley.edu/_cs61a/fa20/lab/lab06/qs.html]
[inst.eecs.berkeley.edu/_cs61a/fa20/lab/lab06/input('Paste.html]
[inst.eecs.berkeley.edu/_cs61a/fa20/lab/lab06/json.html]
[inst.eecs.berkeley.edu/_cs61a/fa20/lab/lab06/data).html]
[inst.eecs.berkeley.edu/_cs61a/fa20/lab/lab06/json-2.html]
[inst.eecs.berkeley.edu/_cs61a/fa20/lab/lab06/json-3.html]
[inst.eecs.berkeley.edu/_cs61a/fa20/lab/lab06/json-4.html]
[inst.eecs.berkeley.edu/_cs61a/fa20/lab/lab06/json-5.html]
[inst.eecs.berkeley.edu/_cs61a/fa20/lab/lab06/json-6.html]
[inst.eecs.berkeley.edu/_cs61a/fa20/lab/lab06/database_url.html]
[inst.eecs.berkeley.edu/_cs61a/fa20/lab/lab06/json.dumps(data).html]
[inst.eecs.berkeley.edu/_cs61a/fa20/lab/lab06/sorted(dict(new_list).html]
[inst.eecs.berkeley.edu/_cs61a/fa20/lab/lab06/[].html]
[inst.eecs.berkeley.edu/_cs61a/fa20/lab/lab06/fdata,.html]
[inst.eecs.berkeley.edu/_cs61a/fa20/lab/lab06/self._decoder.html]
[inst.eecs.berkeley.edu/_cs61a/fa20/lab/lab06/self._fp.html]
[inst.eecs.berkeley.edu/_cs61a/fa20/lab/lab06/self._fp-2.html]
[inst.eecs.berkeley.edu/_cs61a/fa20/lab/lab06/self.html]
[inst.eecs.berkeley.edu/_cs61a/fa20/lab/lab06/self-2.html]
[inst.eecs.berkeley.edu/_cs61a/fa20/lab/lab06/url,.html]
[inst.eecs.berkeley.edu/_cs61a/fa20/lab/lab06/six.html]
[inst.eecs.berkeley.edu/_cs61a/fa20/lab/lab06/six.ensure_str(parse_url(url).html]
[inst.eecs.berkeley.edu/_cs61a/fa20/lab/lab06/None,.html]
[inst.eecs.berkeley.edu/_cs61a/fa20/lab/lab06/str(data).html]
[inst.eecs.berkeley.edu/_cs61a/fa20/lab/lab06/style.html]
[inst.eecs.berkeley.edu/_cs61a/fa20/lab/lab06/jquery.min.html]
[inst.eecs.berkeley.edu/_cs61a/fa20/lab/lab06/jquery.ba-throttle-debounce.min.html]
[inst.eecs.berkeley.edu/_cs61a/fa20/lab/lab06/jquery.hotkeys.html]
[inst.eecs.berkeley.edu/_cs61a/fa20/lab/lab06/jquery.isonscreen.html]
[inst.eecs.berkeley.edu/_cs61a/fa20/lab/lab06/jquery.tablesorter.min.html]
[inst.eecs.berkeley.edu/_cs61a/fa20/lab/lab06/coverage_html.html]
[inst.eecs.berkeley.edu/_cs61a/fa20/lab/lab06/keybd_closed.html]
[inst.eecs.berkeley.edu/_cs61a/fa20/lab/lab06/keybd_open.html]
[inst.eecs.berkeley.edu/_cs61a/fa20/lab/lab06/pyfile.html]
[inst.eecs.berkeley.edu/_cs61a/fa20/lab/lab06/frame.f_code.html]
[inst.eecs.berkeley.edu/_cs61a/fa20/lab/lab06/c).html]
[inst.eecs.berkeley.edu/_cs61a/fa20/lab/lab06/=.html]
[inst.eecs.berkeley.edu/_cs61a/fa20/lab/lab06/-none-.html]
[inst.eecs.berkeley.edu/_cs61a/fa20/lab/lab06/zi.html]
[inst.eecs.berkeley.edu/_cs61a/fa20/lab/lab06/$py.html]
[inst.eecs.berkeley.edu/_cs61a/fa20/lab/lab06/200,.html]
[inst.eecs.berkeley.edu/_cs61a/fa20/lab/lab06/200).html]
[inst.eecs.berkeley.edu/_cs61a/fa20/lab/lab06/404).html]
[inst.eecs.berkeley.edu/_cs61a/fa20/lab/lab07/data,.html]
[inst.eecs.berkeley.edu/_cs61a/fa20/lab/lab07/{.html]
[inst.eecs.berkeley.edu/_cs61a/fa20/lab/lab07/{}{}9991.html]
[inst.eecs.berkeley.edu/_cs61a/fa20/lab/lab07/qs.html]
[inst.eecs.berkeley.edu/_cs61a/fa20/lab/lab07/input('Paste.html]
[inst.eecs.berkeley.edu/_cs61a/fa20/lab/lab07/json.html]
[inst.eecs.berkeley.edu/_cs61a/fa20/lab/lab07/data).html]
[inst.eecs.berkeley.edu/_cs61a/fa20/lab/lab07/json-2.html]
[inst.eecs.berkeley.edu/_cs61a/fa20/lab/lab07/json-3.html]
[inst.eecs.berkeley.edu/_cs61a/fa20/lab/lab07/json-4.html]
[inst.eecs.berkeley.edu/_cs61a/fa20/lab/lab07/json-5.html]
[inst.eecs.berkeley.edu/_cs61a/fa20/lab/lab07/json-6.html]
[inst.eecs.berkeley.edu/_cs61a/fa20/lab/lab07/database_url.html]
[inst.eecs.berkeley.edu/_cs61a/fa20/lab/lab07/json.dumps(data).html]
[inst.eecs.berkeley.edu/_cs61a/fa20/lab/lab07/sorted(dict(new_list).html]
[inst.eecs.berkeley.edu/_cs61a/fa20/lab/lab07/[].html]
[inst.eecs.berkeley.edu/_cs61a/fa20/lab/lab07/fdata,.html]
[inst.eecs.berkeley.edu/_cs61a/fa20/lab/lab07/self._decoder.html]
[inst.eecs.berkeley.edu/_cs61a/fa20/lab/lab07/self._fp.html]
[inst.eecs.berkeley.edu/_cs61a/fa20/lab/lab07/self._fp-2.html]
[inst.eecs.berkeley.edu/_cs61a/fa20/lab/lab07/self.html]
[inst.eecs.berkeley.edu/_cs61a/fa20/lab/lab07/self-2.html]
[inst.eecs.berkeley.edu/_cs61a/fa20/lab/lab07/url,.html]
[inst.eecs.berkeley.edu/_cs61a/fa20/lab/lab07/six.html]
[inst.eecs.berkeley.edu/_cs61a/fa20/lab/lab07/six.ensure_str(parse_url(url).html]
[inst.eecs.berkeley.edu/_cs61a/fa20/lab/lab07/None,.html]
[inst.eecs.berkeley.edu/_cs61a/fa20/lab/lab07/str(data).html]
[inst.eecs.berkeley.edu/_cs61a/fa20/lab/lab07/style.html]
[inst.eecs.berkeley.edu/_cs61a/fa20/lab/lab07/jquery.min.html]
[inst.eecs.berkeley.edu/_cs61a/fa20/lab/lab07/jquery.ba-throttle-debounce.min.html]
[inst.eecs.berkeley.edu/_cs61a/fa20/lab/lab07/jquery.hotkeys.html]
[inst.eecs.berkeley.edu/_cs61a/fa20/lab/lab07/jquery.isonscreen.html]
[inst.eecs.berkeley.edu/_cs61a/fa20/lab/lab07/jquery.tablesorter.min.html]
[inst.eecs.berkeley.edu/_cs61a/fa20/lab/lab07/coverage_html.html]
[inst.eecs.berkeley.edu/_cs61a/fa20/lab/lab07/keybd_closed.html]
[inst.eecs.berkeley.edu/_cs61a/fa20/lab/lab07/keybd_open.html]
[inst.eecs.berkeley.edu/_cs61a/fa20/lab/lab07/pyfile.html]
[inst.eecs.berkeley.edu/_cs61a/fa20/lab/lab07/frame.f_code.html]
[inst.eecs.berkeley.edu/_cs61a/fa20/lab/lab07/c).html]
[inst.eecs.berkeley.edu/_cs61a/fa20/lab/lab07/=.html]
[inst.eecs.berkeley.edu/_cs61a/fa20/lab/lab07/-none-.html]
[inst.eecs.berkeley.edu/_cs61a/fa20/lab/lab07/zi.html]
[inst.eecs.berkeley.edu/_cs61a/fa20/lab/lab07/$py.html]
[inst.eecs.berkeley.edu/_cs61a/fa20/lab/lab07/200,.html]
[inst.eecs.berkeley.edu/_cs61a/fa20/lab/lab07/200).html]
[inst.eecs.berkeley.edu/_cs61a/fa20/lab/lab07/404).html]
[inst.eecs.berkeley.edu/_cs61a/fa20/lab/lab08/data,.html]
[inst.eecs.berkeley.edu/_cs61a/fa20/lab/lab08/{.html]
[inst.eecs.berkeley.edu/_cs61a/fa20/lab/lab08/{}{}9991.html]
[inst.eecs.berkeley.edu/_cs61a/fa20/lab/lab08/qs.html]
[inst.eecs.berkeley.edu/_cs61a/fa20/lab/lab08/input('Paste.html]
[inst.eecs.berkeley.edu/_cs61a/fa20/lab/lab08/json.html]
[inst.eecs.berkeley.edu/_cs61a/fa20/lab/lab08/data).html]
[inst.eecs.berkeley.edu/_cs61a/fa20/lab/lab08/json-2.html]
[inst.eecs.berkeley.edu/_cs61a/fa20/lab/lab08/json-3.html]
[inst.eecs.berkeley.edu/_cs61a/fa20/lab/lab08/json-4.html]
[inst.eecs.berkeley.edu/_cs61a/fa20/lab/lab08/json-5.html]
[inst.eecs.berkeley.edu/_cs61a/fa20/lab/lab08/json-6.html]
[inst.eecs.berkeley.edu/_cs61a/fa20/lab/lab08/database_url.html]
[inst.eecs.berkeley.edu/_cs61a/fa20/lab/lab08/json.dumps(data).html]
[inst.eecs.berkeley.edu/_cs61a/fa20/lab/lab08/sorted(dict(new_list).html]
[inst.eecs.berkeley.edu/_cs61a/fa20/lab/lab08/[].html]
[inst.eecs.berkeley.edu/_cs61a/fa20/lab/lab08/fdata,.html]
[inst.eecs.berkeley.edu/_cs61a/fa20/lab/lab08/self._decoder.html]
[inst.eecs.berkeley.edu/_cs61a/fa20/lab/lab08/self._fp.html]
[inst.eecs.berkeley.edu/_cs61a/fa20/lab/lab08/self._fp-2.html]
[inst.eecs.berkeley.edu/_cs61a/fa20/lab/lab08/self.html]
[inst.eecs.berkeley.edu/_cs61a/fa20/lab/lab08/self-2.html]
[inst.eecs.berkeley.edu/_cs61a/fa20/lab/lab08/url,.html]
[inst.eecs.berkeley.edu/_cs61a/fa20/lab/lab08/six.html]
[inst.eecs.berkeley.edu/_cs61a/fa20/lab/lab08/six.ensure_str(parse_url(url).html]
[inst.eecs.berkeley.edu/_cs61a/fa20/lab/lab08/None,.html]
[inst.eecs.berkeley.edu/_cs61a/fa20/lab/lab08/str(data).html]
[inst.eecs.berkeley.edu/_cs61a/fa20/lab/lab08/style.html]
[inst.eecs.berkeley.edu/_cs61a/fa20/lab/lab08/jquery.min.html]
[inst.eecs.berkeley.edu/_cs61a/fa20/lab/lab08/jquery.ba-throttle-debounce.min.html]
[inst.eecs.berkeley.edu/_cs61a/fa20/lab/lab08/jquery.hotkeys.html]
[inst.eecs.berkeley.edu/_cs61a/fa20/lab/lab08/jquery.isonscreen.html]
[inst.eecs.berkeley.edu/_cs61a/fa20/lab/lab08/jquery.tablesorter.min.html]
[inst.eecs.berkeley.edu/_cs61a/fa20/lab/lab08/coverage_html.html]
[inst.eecs.berkeley.edu/_cs61a/fa20/lab/lab08/keybd_closed.html]
[inst.eecs.berkeley.edu/_cs61a/fa20/lab/lab08/keybd_open.html]
[inst.eecs.berkeley.edu/_cs61a/fa20/lab/lab08/pyfile.html]
[inst.eecs.berkeley.edu/_cs61a/fa20/lab/lab08/frame.f_code.html]
[inst.eecs.berkeley.edu/_cs61a/fa20/lab/lab08/c).html]
[inst.eecs.berkeley.edu/_cs61a/fa20/lab/lab08/=.html]
[inst.eecs.berkeley.edu/_cs61a/fa20/lab/lab08/-none-.html]
[inst.eecs.berkeley.edu/_cs61a/fa20/lab/lab08/zi.html]
[inst.eecs.berkeley.edu/_cs61a/fa20/lab/lab08/$py.html]
[inst.eecs.berkeley.edu/_cs61a/fa20/lab/lab08/200,.html]
[inst.eecs.berkeley.edu/_cs61a/fa20/lab/lab08/200).html]
[inst.eecs.berkeley.edu/_cs61a/fa20/lab/lab08/404).html]
[inst.eecs.berkeley.edu/_cs61a/fa20/lab/lab09/data,.html]
[inst.eecs.berkeley.edu/_cs61a/fa20/lab/lab09/{.html]
[inst.eecs.berkeley.edu/_cs61a/fa20/lab/lab09/{}{}9991.html]
[inst.eecs.berkeley.edu/_cs61a/fa20/lab/lab09/qs.html]
[inst.eecs.berkeley.edu/_cs61a/fa20/lab/lab09/input('Paste.html]
[inst.eecs.berkeley.edu/_cs61a/fa20/lab/lab09/json.html]
[inst.eecs.berkeley.edu/_cs61a/fa20/lab/lab09/data).html]
[inst.eecs.berkeley.edu/_cs61a/fa20/lab/lab09/json-2.html]
[inst.eecs.berkeley.edu/_cs61a/fa20/lab/lab09/json-3.html]
[inst.eecs.berkeley.edu/_cs61a/fa20/lab/lab09/json-4.html]
[inst.eecs.berkeley.edu/_cs61a/fa20/lab/lab09/json-5.html]
[inst.eecs.berkeley.edu/_cs61a/fa20/lab/lab09/json-6.html]
[inst.eecs.berkeley.edu/_cs61a/fa20/lab/lab09/database_url.html]
[inst.eecs.berkeley.edu/_cs61a/fa20/lab/lab09/json.dumps(data).html]
[inst.eecs.berkeley.edu/_cs61a/fa20/lab/lab09/sorted(dict(new_list).html]
[inst.eecs.berkeley.edu/_cs61a/fa20/lab/lab09/[].html]
[inst.eecs.berkeley.edu/_cs61a/fa20/lab/lab09/fdata,.html]
[inst.eecs.berkeley.edu/_cs61a/fa20/lab/lab09/self._decoder.html]
[inst.eecs.berkeley.edu/_cs61a/fa20/lab/lab09/self._fp.html]
[inst.eecs.berkeley.edu/_cs61a/fa20/lab/lab09/self._fp-2.html]
[inst.eecs.berkeley.edu/_cs61a/fa20/lab/lab09/self.html]
[inst.eecs.berkeley.edu/_cs61a/fa20/lab/lab09/self-2.html]
[inst.eecs.berkeley.edu/_cs61a/fa20/lab/lab09/url,.html]
[inst.eecs.berkeley.edu/_cs61a/fa20/lab/lab09/six.html]
[inst.eecs.berkeley.edu/_cs61a/fa20/lab/lab09/six.ensure_str(parse_url(url).html]
[inst.eecs.berkeley.edu/_cs61a/fa20/lab/lab09/None,.html]
[inst.eecs.berkeley.edu/_cs61a/fa20/lab/lab09/str(data).html]
[inst.eecs.berkeley.edu/_cs61a/fa20/lab/lab09/style.html]
[inst.eecs.berkeley.edu/_cs61a/fa20/lab/lab09/jquery.min.html]
[inst.eecs.berkeley.edu/_cs61a/fa20/lab/lab09/jquery.ba-throttle-debounce.min.html]
[inst.eecs.berkeley.edu/_cs61a/fa20/lab/lab09/jquery.hotkeys.html]
[inst.eecs.berkeley.edu/_cs61a/fa20/lab/lab09/jquery.isonscreen.html]
[inst.eecs.berkeley.edu/_cs61a/fa20/lab/lab09/jquery.tablesorter.min.html]
[inst.eecs.berkeley.edu/_cs61a/fa20/lab/lab09/coverage_html.html]
[inst.eecs.berkeley.edu/_cs61a/fa20/lab/lab09/keybd_closed.html]
[inst.eecs.berkeley.edu/_cs61a/fa20/lab/lab09/keybd_open.html]
[inst.eecs.berkeley.edu/_cs61a/fa20/lab/lab09/pyfile.html]
[inst.eecs.berkeley.edu/_cs61a/fa20/lab/lab09/frame.f_code.html]
[inst.eecs.berkeley.edu/_cs61a/fa20/lab/lab09/c).html]
[inst.eecs.berkeley.edu/_cs61a/fa20/lab/lab09/=.html]
[inst.eecs.berkeley.edu/_cs61a/fa20/lab/lab09/-none-.html]
[inst.eecs.berkeley.edu/_cs61a/fa20/lab/lab09/zi.html]
[inst.eecs.berkeley.edu/_cs61a/fa20/lab/lab09/$py.html]
[inst.eecs.berkeley.edu/_cs61a/fa20/lab/lab09/200,.html]
[inst.eecs.berkeley.edu/_cs61a/fa20/lab/lab09/200).html]
[inst.eecs.berkeley.edu/_cs61a/fa20/lab/lab09/404).html]
[inst.eecs.berkeley.edu/_cs61a/fa20/lab/lab10/data,.html]
[inst.eecs.berkeley.edu/_cs61a/fa20/lab/lab10/{.html]
[inst.eecs.berkeley.edu/_cs61a/fa20/lab/lab10/{}{}9991.html]
[inst.eecs.berkeley.edu/_cs61a/fa20/lab/lab10/qs.html]
[inst.eecs.berkeley.edu/_cs61a/fa20/lab/lab10/input('Paste.html]
[inst.eecs.berkeley.edu/_cs61a/fa20/lab/lab10/json.html]
[inst.eecs.berkeley.edu/_cs61a/fa20/lab/lab10/data).html]
[inst.eecs.berkeley.edu/_cs61a/fa20/lab/lab10/json-2.html]
[inst.eecs.berkeley.edu/_cs61a/fa20/lab/lab10/json-3.html]
[inst.eecs.berkeley.edu/_cs61a/fa20/lab/lab10/json-4.html]
[inst.eecs.berkeley.edu/_cs61a/fa20/lab/lab10/json-5.html]
[inst.eecs.berkeley.edu/_cs61a/fa20/lab/lab10/json-6.html]
[inst.eecs.berkeley.edu/_cs61a/fa20/lab/lab10/database_url.html]
[inst.eecs.berkeley.edu/_cs61a/fa20/lab/lab10/json.dumps(data).html]
[inst.eecs.berkeley.edu/_cs61a/fa20/lab/lab10/sorted(dict(new_list).html]
[inst.eecs.berkeley.edu/_cs61a/fa20/lab/lab10/[].html]
[inst.eecs.berkeley.edu/_cs61a/fa20/lab/lab10/fdata,.html]
[inst.eecs.berkeley.edu/_cs61a/fa20/lab/lab10/self._decoder.html]
[inst.eecs.berkeley.edu/_cs61a/fa20/lab/lab10/self._fp.html]
[inst.eecs.berkeley.edu/_cs61a/fa20/lab/lab10/self._fp-2.html]
[inst.eecs.berkeley.edu/_cs61a/fa20/lab/lab10/self.html]
[inst.eecs.berkeley.edu/_cs61a/fa20/lab/lab10/self-2.html]
[inst.eecs.berkeley.edu/_cs61a/fa20/lab/lab10/url,.html]
[inst.eecs.berkeley.edu/_cs61a/fa20/lab/lab10/six.html]
[inst.eecs.berkeley.edu/_cs61a/fa20/lab/lab10/six.ensure_str(parse_url(url).html]
[inst.eecs.berkeley.edu/_cs61a/fa20/lab/lab10/None,.html]
[inst.eecs.berkeley.edu/_cs61a/fa20/lab/lab10/str(data).html]
[inst.eecs.berkeley.edu/_cs61a/fa20/lab/lab10/style.html]
[inst.eecs.berkeley.edu/_cs61a/fa20/lab/lab10/jquery.min.html]
[inst.eecs.berkeley.edu/_cs61a/fa20/lab/lab10/jquery.ba-throttle-debounce.min.html]
[inst.eecs.berkeley.edu/_cs61a/fa20/lab/lab10/jquery.hotkeys.html]
[inst.eecs.berkeley.edu/_cs61a/fa20/lab/lab10/jquery.isonscreen.html]
[inst.eecs.berkeley.edu/_cs61a/fa20/lab/lab10/jquery.tablesorter.min.html]
[inst.eecs.berkeley.edu/_cs61a/fa20/lab/lab10/coverage_html.html]
[inst.eecs.berkeley.edu/_cs61a/fa20/lab/lab10/keybd_closed.html]
[inst.eecs.berkeley.edu/_cs61a/fa20/lab/lab10/keybd_open.html]
[inst.eecs.berkeley.edu/_cs61a/fa20/lab/lab10/pyfile.html]
[inst.eecs.berkeley.edu/_cs61a/fa20/lab/lab10/frame.f_code.html]
[inst.eecs.berkeley.edu/_cs61a/fa20/lab/lab10/c).html]
[inst.eecs.berkeley.edu/_cs61a/fa20/lab/lab10/=.html]
[inst.eecs.berkeley.edu/_cs61a/fa20/lab/lab10/-none-.html]
[inst.eecs.berkeley.edu/_cs61a/fa20/lab/lab10/zi.html]
[inst.eecs.berkeley.edu/_cs61a/fa20/lab/lab10/$py.html]
[inst.eecs.berkeley.edu/_cs61a/fa20/lab/lab10/200,.html]
[inst.eecs.berkeley.edu/_cs61a/fa20/lab/lab10/200).html]
[inst.eecs.berkeley.edu/_cs61a/fa20/lab/lab10/404).html]
[inst.eecs.berkeley.edu/_cs61a/fa20/lab/lab11/data,.html]
[inst.eecs.berkeley.edu/_cs61a/fa20/lab/lab11/{.html]
[inst.eecs.berkeley.edu/_cs61a/fa20/lab/lab11/{}{}9991.html]
[inst.eecs.berkeley.edu/_cs61a/fa20/lab/lab11/qs.html]
[inst.eecs.berkeley.edu/_cs61a/fa20/lab/lab11/input('Paste.html]
[inst.eecs.berkeley.edu/_cs61a/fa20/lab/lab11/json.html]
[inst.eecs.berkeley.edu/_cs61a/fa20/lab/lab11/data).html]
[inst.eecs.berkeley.edu/_cs61a/fa20/lab/lab11/json-2.html]
[inst.eecs.berkeley.edu/_cs61a/fa20/lab/lab11/json-3.html]
[inst.eecs.berkeley.edu/_cs61a/fa20/lab/lab11/json-4.html]
[inst.eecs.berkeley.edu/_cs61a/fa20/lab/lab11/json-5.html]
[inst.eecs.berkeley.edu/_cs61a/fa20/lab/lab11/json-6.html]
[inst.eecs.berkeley.edu/_cs61a/fa20/lab/lab11/database_url.html]
[inst.eecs.berkeley.edu/_cs61a/fa20/lab/lab11/json.dumps(data).html]
[inst.eecs.berkeley.edu/_cs61a/fa20/lab/lab11/sorted(dict(new_list).html]
[inst.eecs.berkeley.edu/_cs61a/fa20/lab/lab11/[].html]
[inst.eecs.berkeley.edu/_cs61a/fa20/lab/lab11/fdata,.html]
[inst.eecs.berkeley.edu/_cs61a/fa20/lab/lab11/self._decoder.html]
[inst.eecs.berkeley.edu/_cs61a/fa20/lab/lab11/self._fp.html]
[inst.eecs.berkeley.edu/_cs61a/fa20/lab/lab11/self._fp-2.html]
[inst.eecs.berkeley.edu/_cs61a/fa20/lab/lab11/self.html]
[inst.eecs.berkeley.edu/_cs61a/fa20/lab/lab11/self-2.html]
[inst.eecs.berkeley.edu/_cs61a/fa20/lab/lab11/url,.html]
[inst.eecs.berkeley.edu/_cs61a/fa20/lab/lab11/six.html]
[inst.eecs.berkeley.edu/_cs61a/fa20/lab/lab11/six.ensure_str(parse_url(url).html]
[inst.eecs.berkeley.edu/_cs61a/fa20/lab/lab11/None,.html]
[inst.eecs.berkeley.edu/_cs61a/fa20/lab/lab11/str(data).html]
[inst.eecs.berkeley.edu/_cs61a/fa20/lab/lab11/style.html]
[inst.eecs.berkeley.edu/_cs61a/fa20/lab/lab11/jquery.min.html]
[inst.eecs.berkeley.edu/_cs61a/fa20/lab/lab11/jquery.ba-throttle-debounce.min.html]
[inst.eecs.berkeley.edu/_cs61a/fa20/lab/lab11/jquery.hotkeys.html]
[inst.eecs.berkeley.edu/_cs61a/fa20/lab/lab11/jquery.isonscreen.html]
[inst.eecs.berkeley.edu/_cs61a/fa20/lab/lab11/jquery.tablesorter.min.html]
[inst.eecs.berkeley.edu/_cs61a/fa20/lab/lab11/coverage_html.html]
[inst.eecs.berkeley.edu/_cs61a/fa20/lab/lab11/keybd_closed.html]
[inst.eecs.berkeley.edu/_cs61a/fa20/lab/lab11/keybd_open.html]
[inst.eecs.berkeley.edu/_cs61a/fa20/lab/lab11/pyfile.html]
[inst.eecs.berkeley.edu/_cs61a/fa20/lab/lab11/frame.f_code.html]
[inst.eecs.berkeley.edu/_cs61a/fa20/lab/lab11/c).html]
[inst.eecs.berkeley.edu/_cs61a/fa20/lab/lab11/=.html]
[inst.eecs.berkeley.edu/_cs61a/fa20/lab/lab11/-none-.html]
[inst.eecs.berkeley.edu/_cs61a/fa20/lab/lab11/zi.html]
[inst.eecs.berkeley.edu/_cs61a/fa20/lab/lab11/$py.html]
[inst.eecs.berkeley.edu/_cs61a/fa20/lab/lab11/200,.html]
[inst.eecs.berkeley.edu/_cs61a/fa20/lab/lab11/200).html]
[inst.eecs.berkeley.edu/_cs61a/fa20/lab/lab11/404).html]
[inst.eecs.berkeley.edu/_cs61a/fa20/lab/lab12/data,.html]
[inst.eecs.berkeley.edu/_cs61a/fa20/lab/lab12/{.html]
[inst.eecs.berkeley.edu/_cs61a/fa20/lab/lab12/{}{}9991.html]
[inst.eecs.berkeley.edu/_cs61a/fa20/lab/lab12/qs.html]
[inst.eecs.berkeley.edu/_cs61a/fa20/lab/lab12/input('Paste.html]
[inst.eecs.berkeley.edu/_cs61a/fa20/lab/lab12/json.html]
[inst.eecs.berkeley.edu/_cs61a/fa20/lab/lab12/data).html]
[inst.eecs.berkeley.edu/_cs61a/fa20/lab/lab12/json-2.html]
[inst.eecs.berkeley.edu/_cs61a/fa20/lab/lab12/json-3.html]
[inst.eecs.berkeley.edu/_cs61a/fa20/lab/lab12/json-4.html]
[inst.eecs.berkeley.edu/_cs61a/fa20/lab/lab12/json-5.html]
[inst.eecs.berkeley.edu/_cs61a/fa20/lab/lab12/json-6.html]
[inst.eecs.berkeley.edu/_cs61a/fa20/lab/lab12/database_url.html]
[inst.eecs.berkeley.edu/_cs61a/fa20/lab/lab12/json.dumps(data).html]
[inst.eecs.berkeley.edu/_cs61a/fa20/lab/lab12/sorted(dict(new_list).html]
[inst.eecs.berkeley.edu/_cs61a/fa20/lab/lab12/[].html]
[inst.eecs.berkeley.edu/_cs61a/fa20/lab/lab12/fdata,.html]
[inst.eecs.berkeley.edu/_cs61a/fa20/lab/lab12/self._decoder.html]
[inst.eecs.berkeley.edu/_cs61a/fa20/lab/lab12/self._fp.html]
[inst.eecs.berkeley.edu/_cs61a/fa20/lab/lab12/self._fp-2.html]
[inst.eecs.berkeley.edu/_cs61a/fa20/lab/lab12/self.html]
[inst.eecs.berkeley.edu/_cs61a/fa20/lab/lab12/self-2.html]
[inst.eecs.berkeley.edu/_cs61a/fa20/lab/lab12/url,.html]
[inst.eecs.berkeley.edu/_cs61a/fa20/lab/lab12/six.html]
[inst.eecs.berkeley.edu/_cs61a/fa20/lab/lab12/six.ensure_str(parse_url(url).html]
[inst.eecs.berkeley.edu/_cs61a/fa20/lab/lab12/None,.html]
[inst.eecs.berkeley.edu/_cs61a/fa20/lab/lab12/str(data).html]
[inst.eecs.berkeley.edu/_cs61a/fa20/lab/lab12/style.html]
[inst.eecs.berkeley.edu/_cs61a/fa20/lab/lab12/jquery.min.html]
[inst.eecs.berkeley.edu/_cs61a/fa20/lab/lab12/jquery.ba-throttle-debounce.min.html]
[inst.eecs.berkeley.edu/_cs61a/fa20/lab/lab12/jquery.hotkeys.html]
[inst.eecs.berkeley.edu/_cs61a/fa20/lab/lab12/jquery.isonscreen.html]
[inst.eecs.berkeley.edu/_cs61a/fa20/lab/lab12/jquery.tablesorter.min.html]
[inst.eecs.berkeley.edu/_cs61a/fa20/lab/lab12/coverage_html.html]
[inst.eecs.berkeley.edu/_cs61a/fa20/lab/lab12/keybd_closed.html]
[inst.eecs.berkeley.edu/_cs61a/fa20/lab/lab12/keybd_open.html]
[inst.eecs.berkeley.edu/_cs61a/fa20/lab/lab12/pyfile.html]
[inst.eecs.berkeley.edu/_cs61a/fa20/lab/lab12/frame.f_code.html]
[inst.eecs.berkeley.edu/_cs61a/fa20/lab/lab12/c).html]
[inst.eecs.berkeley.edu/_cs61a/fa20/lab/lab12/=.html]
[inst.eecs.berkeley.edu/_cs61a/fa20/lab/lab12/-none-.html]
[inst.eecs.berkeley.edu/_cs61a/fa20/lab/lab12/zi.html]
[inst.eecs.berkeley.edu/_cs61a/fa20/lab/lab12/$py.html]
[inst.eecs.berkeley.edu/_cs61a/fa20/lab/lab12/200,.html]
[inst.eecs.berkeley.edu/_cs61a/fa20/lab/lab12/200).html]
[inst.eecs.berkeley.edu/_cs61a/fa20/lab/lab12/404).html]
[inst.eecs.berkeley.edu/_cs61a/fa20/lab/lab13/data,.html]
[inst.eecs.berkeley.edu/_cs61a/fa20/lab/lab13/{.html]
[inst.eecs.berkeley.edu/_cs61a/fa20/lab/lab13/{}{}9991.html]
[inst.eecs.berkeley.edu/_cs61a/fa20/lab/lab13/qs.html]
[inst.eecs.berkeley.edu/_cs61a/fa20/lab/lab13/input('Paste.html]
[inst.eecs.berkeley.edu/_cs61a/fa20/lab/lab13/json.html]
[inst.eecs.berkeley.edu/_cs61a/fa20/lab/lab13/data).html]
[inst.eecs.berkeley.edu/_cs61a/fa20/lab/lab13/json-2.html]
[inst.eecs.berkeley.edu/_cs61a/fa20/lab/lab13/json-3.html]
[inst.eecs.berkeley.edu/_cs61a/fa20/lab/lab13/json-4.html]
[inst.eecs.berkeley.edu/_cs61a/fa20/lab/lab13/json-5.html]
[inst.eecs.berkeley.edu/_cs61a/fa20/lab/lab13/json-6.html]
[inst.eecs.berkeley.edu/_cs61a/fa20/lab/lab13/database_url.html]
[inst.eecs.berkeley.edu/_cs61a/fa20/lab/lab13/json.dumps(data).html]
[inst.eecs.berkeley.edu/_cs61a/fa20/lab/lab13/sorted(dict(new_list).html]
[inst.eecs.berkeley.edu/_cs61a/fa20/lab/lab13/[].html]
[inst.eecs.berkeley.edu/_cs61a/fa20/lab/lab13/fdata,.html]
[inst.eecs.berkeley.edu/_cs61a/fa20/lab/lab13/self._decoder.html]
[inst.eecs.berkeley.edu/_cs61a/fa20/lab/lab13/self._fp.html]
[inst.eecs.berkeley.edu/_cs61a/fa20/lab/lab13/self._fp-2.html]
[inst.eecs.berkeley.edu/_cs61a/fa20/lab/lab13/self.html]
[inst.eecs.berkeley.edu/_cs61a/fa20/lab/lab13/self-2.html]
[inst.eecs.berkeley.edu/_cs61a/fa20/lab/lab13/url,.html]
[inst.eecs.berkeley.edu/_cs61a/fa20/lab/lab13/six.html]
[inst.eecs.berkeley.edu/_cs61a/fa20/lab/lab13/six.ensure_str(parse_url(url).html]
[inst.eecs.berkeley.edu/_cs61a/fa20/lab/lab13/None,.html]
[inst.eecs.berkeley.edu/_cs61a/fa20/lab/lab13/str(data).html]
[inst.eecs.berkeley.edu/_cs61a/fa20/lab/lab13/style.html]
[inst.eecs.berkeley.edu/_cs61a/fa20/lab/lab13/jquery.min.html]
[inst.eecs.berkeley.edu/_cs61a/fa20/lab/lab13/jquery.ba-throttle-debounce.min.html]
[inst.eecs.berkeley.edu/_cs61a/fa20/lab/lab13/jquery.hotkeys.html]
[inst.eecs.berkeley.edu/_cs61a/fa20/lab/lab13/jquery.isonscreen.html]
[inst.eecs.berkeley.edu/_cs61a/fa20/lab/lab13/jquery.tablesorter.min.html]
[inst.eecs.berkeley.edu/_cs61a/fa20/lab/lab13/coverage_html.html]
[inst.eecs.berkeley.edu/_cs61a/fa20/lab/lab13/keybd_closed.html]
[inst.eecs.berkeley.edu/_cs61a/fa20/lab/lab13/keybd_open.html]
[inst.eecs.berkeley.edu/_cs61a/fa20/lab/lab13/pyfile.html]
[inst.eecs.berkeley.edu/_cs61a/fa20/lab/lab13/frame.f_code.html]
[inst.eecs.berkeley.edu/_cs61a/fa20/lab/lab13/c).html]
[inst.eecs.berkeley.edu/_cs61a/fa20/lab/lab13/=.html]
[inst.eecs.berkeley.edu/_cs61a/fa20/lab/lab13/-none-.html]
[inst.eecs.berkeley.edu/_cs61a/fa20/lab/lab13/zi.html]
[inst.eecs.berkeley.edu/_cs61a/fa20/lab/lab13/$py.html]
[inst.eecs.berkeley.edu/_cs61a/fa20/lab/lab13/200,.html]
[inst.eecs.berkeley.edu/_cs61a/fa20/lab/lab13/200).html]
[inst.eecs.berkeley.edu/_cs61a/fa20/lab/lab13/404).html]
[inst.eecs.berkeley.edu/_cs61a/fa20/lab/lab14/data,.html]
[inst.eecs.berkeley.edu/_cs61a/fa20/lab/lab14/{.html]
[inst.eecs.berkeley.edu/_cs61a/fa20/lab/lab14/{}{}9991.html]
[inst.eecs.berkeley.edu/_cs61a/fa20/lab/lab14/qs.html]
[inst.eecs.berkeley.edu/_cs61a/fa20/lab/lab14/input('Paste.html]
[inst.eecs.berkeley.edu/_cs61a/fa20/lab/lab14/json.html]
[inst.eecs.berkeley.edu/_cs61a/fa20/lab/lab14/data).html]
[inst.eecs.berkeley.edu/_cs61a/fa20/lab/lab14/json-2.html]
[inst.eecs.berkeley.edu/_cs61a/fa20/lab/lab14/json-3.html]
[inst.eecs.berkeley.edu/_cs61a/fa20/lab/lab14/json-4.html]
[inst.eecs.berkeley.edu/_cs61a/fa20/lab/lab14/json-5.html]
[inst.eecs.berkeley.edu/_cs61a/fa20/lab/lab14/json-6.html]
[inst.eecs.berkeley.edu/_cs61a/fa20/lab/lab14/database_url.html]
[inst.eecs.berkeley.edu/_cs61a/fa20/lab/lab14/json.dumps(data).html]
[inst.eecs.berkeley.edu/_cs61a/fa20/lab/lab14/sorted(dict(new_list).html]
[inst.eecs.berkeley.edu/_cs61a/fa20/lab/lab14/[].html]
[inst.eecs.berkeley.edu/_cs61a/fa20/lab/lab14/fdata,.html]
[inst.eecs.berkeley.edu/_cs61a/fa20/lab/lab14/self._decoder.html]
[inst.eecs.berkeley.edu/_cs61a/fa20/lab/lab14/self._fp.html]
[inst.eecs.berkeley.edu/_cs61a/fa20/lab/lab14/self._fp-2.html]
[inst.eecs.berkeley.edu/_cs61a/fa20/lab/lab14/self.html]
[inst.eecs.berkeley.edu/_cs61a/fa20/lab/lab14/self-2.html]
[inst.eecs.berkeley.edu/_cs61a/fa20/lab/lab14/url,.html]
[inst.eecs.berkeley.edu/_cs61a/fa20/lab/lab14/six.html]
[inst.eecs.berkeley.edu/_cs61a/fa20/lab/lab14/six.ensure_str(parse_url(url).html]
[inst.eecs.berkeley.edu/_cs61a/fa20/lab/lab14/None,.html]
[inst.eecs.berkeley.edu/_cs61a/fa20/lab/lab14/str(data).html]
[inst.eecs.berkeley.edu/_cs61a/fa20/lab/lab14/style.html]
[inst.eecs.berkeley.edu/_cs61a/fa20/lab/lab14/jquery.min.html]
[inst.eecs.berkeley.edu/_cs61a/fa20/lab/lab14/jquery.ba-throttle-debounce.min.html]
[inst.eecs.berkeley.edu/_cs61a/fa20/lab/lab14/jquery.hotkeys.html]
[inst.eecs.berkeley.edu/_cs61a/fa20/lab/lab14/jquery.isonscreen.html]
[inst.eecs.berkeley.edu/_cs61a/fa20/lab/lab14/jquery.tablesorter.min.html]
[inst.eecs.berkeley.edu/_cs61a/fa20/lab/lab14/coverage_html.html]
[inst.eecs.berkeley.edu/_cs61a/fa20/lab/lab14/keybd_closed.html]
[inst.eecs.berkeley.edu/_cs61a/fa20/lab/lab14/keybd_open.html]
[inst.eecs.berkeley.edu/_cs61a/fa20/lab/lab14/pyfile.html]
[inst.eecs.berkeley.edu/_cs61a/fa20/lab/lab14/frame.f_code.html]
[inst.eecs.berkeley.edu/_cs61a/fa20/lab/lab14/c).html]
[inst.eecs.berkeley.edu/_cs61a/fa20/lab/lab14/=.html]
[inst.eecs.berkeley.edu/_cs61a/fa20/lab/lab14/-none-.html]
[inst.eecs.berkeley.edu/_cs61a/fa20/lab/lab14/zi.html]
[inst.eecs.berkeley.edu/_cs61a/fa20/lab/lab14/$py.html]
[inst.eecs.berkeley.edu/_cs61a/fa20/lab/lab14/200,.html]
[inst.eecs.berkeley.edu/_cs61a/fa20/lab/lab14/200).html]
[inst.eecs.berkeley.edu/_cs61a/fa20/lab/lab14/404).html]
[raw.githubusercontent.com/Cal-CS-61A-Staff/staff-images/master/fa20/aaron-chen.jpg]
[raw.githubusercontent.com/Cal-CS-61A-Staff/staff-images/master/fa20/addison-chan.jpg]
[raw.githubusercontent.com/Cal-CS-61A-Staff/staff-images/master/fa20/albert-xu.jpg]
[raw.githubusercontent.com/Cal-CS-61A-Staff/staff-images/master/fa20/alex-kassil.jpg]
[raw.githubusercontent.com/Cal-CS-61A-Staff/staff-images/master/fa20/amrita-palaparthi.jpg]
[raw.githubusercontent.com/Cal-CS-61A-Staff/staff-images/master/fa20/catherine-cang.jpg]
[raw.githubusercontent.com/Cal-CS-61A-Staff/staff-images/master/fa20/cesar-plascencia-zuniga.jpg]
[raw.githubusercontent.com/Cal-CS-61A-Staff/staff-images/master/fa20/derek-wan.jpg]
[raw.githubusercontent.com/Cal-CS-61A-Staff/staff-images/master/fa20/griffin-prechter.jpg]
[raw.githubusercontent.com/Cal-CS-61A-Staff/staff-images/master/fa20/jade-singh.jpg]
[raw.githubusercontent.com/Cal-CS-61A-Staff/staff-images/master/fa20/nancy-shaw.jpg]
[raw.githubusercontent.com/Cal-CS-61A-Staff/staff-images/master/fa20/rahul-arya.jpg]
[raw.githubusercontent.com/Cal-CS-61A-Staff/staff-images/master/fa20/richard-roggenkemper.jpg]
[raw.githubusercontent.com/Cal-CS-61A-Staff/staff-images/master/fa20/sean-obrien.jpg]
[raw.githubusercontent.com/Cal-CS-61A-Staff/staff-images/master/fa20/shayna-kothari.jpg]
[raw.githubusercontent.com/Cal-CS-61A-Staff/staff-images/master/fa20/sherry-fan.jpg]
[raw.githubusercontent.com/Cal-CS-61A-Staff/staff-images/master/fa20/abhinav-ashar.jpg]
[raw.githubusercontent.com/Cal-CS-61A-Staff/staff-images/master/fa20/alicia-wang.jpg]
[raw.githubusercontent.com/Cal-CS-61A-Staff/staff-images/master/fa20/alina-herri.jpg]
[raw.githubusercontent.com/Cal-CS-61A-Staff/staff-images/master/fa20/amit-bhat.jpg]
[raw.githubusercontent.com/Cal-CS-61A-Staff/staff-images/master/fa20/amritansh-saraf.jpg]
[raw.githubusercontent.com/Cal-CS-61A-Staff/staff-images/master/fa20/andrew-lenz.jpg]
[raw.githubusercontent.com/Cal-CS-61A-Staff/staff-images/master/fa20/andrew-shieh.jpg]
[raw.githubusercontent.com/Cal-CS-61A-Staff/staff-images/master/fa20/angela-jiang.jpg]
[raw.githubusercontent.com/Cal-CS-61A-Staff/staff-images/master/fa20/anikait-singh.jpg]
[raw.githubusercontent.com/Cal-CS-61A-Staff/staff-images/master/fa20/animesh-agrawal.jpg]
[raw.githubusercontent.com/Cal-CS-61A-Staff/staff-images/master/fa20/arushi-somani.jpg]
[raw.githubusercontent.com/Cal-CS-61A-Staff/staff-images/master/fa20/ben-cuan.jpg]
[raw.githubusercontent.com/Cal-CS-61A-Staff/staff-images/master/fa20/benny-jiang.jpg]
[raw.githubusercontent.com/Cal-CS-61A-Staff/staff-images/master/fa20/brandon-choy.jpg]
[raw.githubusercontent.com/Cal-CS-61A-Staff/staff-images/master/fa20/brandon-sanchez.jpg]
[raw.githubusercontent.com/Cal-CS-61A-Staff/staff-images/master/fa20/brandon-shin.jpg]
[raw.githubusercontent.com/Cal-CS-61A-Staff/staff-images/master/fa20/caitlin-phan.jpg]
[raw.githubusercontent.com/Cal-CS-61A-Staff/staff-images/master/fa20/catherine-gee.jpg]
[raw.githubusercontent.com/Cal-CS-61A-Staff/staff-images/master/fa20/chi-tsai.jpg]
[raw.githubusercontent.com/Cal-CS-61A-Staff/staff-images/master/fa20/christine-luo.jpg]
[raw.githubusercontent.com/Cal-CS-61A-Staff/staff-images/master/fa20/christopher-wang.jpg]
[raw.githubusercontent.com/Cal-CS-61A-Staff/staff-images/master/fa20/connie-huang.jpg]
[raw.githubusercontent.com/Cal-CS-61A-Staff/staff-images/master/fa20/connie-shi.jpg]
[raw.githubusercontent.com/Cal-CS-61A-Staff/staff-images/master/fa20/cooper-bedin.jpg]
[raw.githubusercontent.com/Cal-CS-61A-Staff/staff-images/master/fa20/crystal-wang.jpg]
[raw.githubusercontent.com/Cal-CS-61A-Staff/staff-images/master/fa20/cyrus-bugwadia.jpg]
[raw.githubusercontent.com/Cal-CS-61A-Staff/staff-images/master/fa20/daniel-shin.jpg]
[raw.githubusercontent.com/Cal-CS-61A-Staff/staff-images/master/fa20/daphne-pan.jpg]
[raw.githubusercontent.com/Cal-CS-61A-Staff/staff-images/master/fa20/eknoor-kaur.jpg]
[raw.githubusercontent.com/Cal-CS-61A-Staff/staff-images/master/fa20/emma-yokota.jpg]
[raw.githubusercontent.com/Cal-CS-61A-Staff/staff-images/master/fa20/eric-wang.jpg]
[raw.githubusercontent.com/Cal-CS-61A-Staff/staff-images/master/fa20/ethan-chiu.jpg]
[raw.githubusercontent.com/Cal-CS-61A-Staff/staff-images/master/fa20/ethan-yeh.jpg]
[raw.githubusercontent.com/Cal-CS-61A-Staff/staff-images/master/fa20/evelyn-liu.jpg]
[raw.githubusercontent.com/Cal-CS-61A-Staff/staff-images/master/fa20/francis-pan.jpg]
[raw.githubusercontent.com/Cal-CS-61A-Staff/staff-images/master/fa20/yongming-ge.jpg]
[raw.githubusercontent.com/Cal-CS-61A-Staff/staff-images/master/fa20/george-gikas.jpg]
[raw.githubusercontent.com/Cal-CS-61A-Staff/staff-images/master/fa20/grant-han.jpg]
[raw.githubusercontent.com/Cal-CS-61A-Staff/staff-images/master/fa20/gurkaran-s-goindi.jpg]
[raw.githubusercontent.com/Cal-CS-61A-Staff/staff-images/master/fa20/han-qi.jpg]
[raw.githubusercontent.com/Cal-CS-61A-Staff/staff-images/master/fa20/hongli-zhao.jpg]
[raw.githubusercontent.com/Cal-CS-61A-Staff/staff-images/master/fa20/imran-khaliq.jpg]
[raw.githubusercontent.com/Cal-CS-61A-Staff/staff-images/master/fa20/ivan-penev.jpg]
[raw.githubusercontent.com/Cal-CS-61A-Staff/staff-images/master/fa20/jamie-hong.jpg]
[raw.githubusercontent.com/Cal-CS-61A-Staff/staff-images/master/fa20/jeffrey-deng.jpg]
[raw.githubusercontent.com/Cal-CS-61A-Staff/staff-images/master/fa20/jemmy-zhou.jpg]
[raw.githubusercontent.com/Cal-CS-61A-Staff/staff-images/master/fa20/jennifer--huang.jpg]
[raw.githubusercontent.com/Cal-CS-61A-Staff/staff-images/master/fa20/jenny-mei.jpg]
[raw.githubusercontent.com/Cal-CS-61A-Staff/staff-images/master/fa20/jenny-wang.jpg]
[raw.githubusercontent.com/Cal-CS-61A-Staff/staff-images/master/fa20/jenny-wu.jpg]
[raw.githubusercontent.com/Cal-CS-61A-Staff/staff-images/master/fa20/jessica-yu.jpg]
[raw.githubusercontent.com/Cal-CS-61A-Staff/staff-images/master/fa20/john-so.jpg]
[raw.githubusercontent.com/Cal-CS-61A-Staff/staff-images/master/fa20/joshua-baum.jpg]
[raw.githubusercontent.com/Cal-CS-61A-Staff/staff-images/master/fa20/joy-chang.jpg]
[raw.githubusercontent.com/Cal-CS-61A-Staff/staff-images/master/fa20/julie-ma.jpg]
[raw.githubusercontent.com/Cal-CS-61A-Staff/staff-images/master/fa20/kaavya-shah.jpg]
[raw.githubusercontent.com/Cal-CS-61A-Staff/staff-images/master/fa20/kenneth-chi.jpg]
[raw.githubusercontent.com/Cal-CS-61A-Staff/staff-images/master/fa20/kevin-li.jpg]
[raw.githubusercontent.com/Cal-CS-61A-Staff/staff-images/master/fa20/kevin-yang.jpg]
[raw.githubusercontent.com/Cal-CS-61A-Staff/staff-images/master/fa20/kevin-zhu.jpg]
[raw.githubusercontent.com/Cal-CS-61A-Staff/staff-images/master/fa20/khushi-malde.jpg]
[raw.githubusercontent.com/Cal-CS-61A-Staff/staff-images/master/fa20/kristy-lee.jpg]
[raw.githubusercontent.com/Cal-CS-61A-Staff/staff-images/master/fa20/kunal-dutta.jpg]
[raw.githubusercontent.com/Cal-CS-61A-Staff/staff-images/master/fa20/laryn-qi.jpg]
[raw.githubusercontent.com/Cal-CS-61A-Staff/staff-images/master/fa20/lauren-meier.jpg]
[raw.githubusercontent.com/Cal-CS-61A-Staff/staff-images/master/fa20/lexy-li.jpg]
[raw.githubusercontent.com/Cal-CS-61A-Staff/staff-images/master/fa20/linh-tran.jpg]
[raw.githubusercontent.com/Cal-CS-61A-Staff/staff-images/master/fa20/liya-mulugeta.jpg]
[raw.githubusercontent.com/Cal-CS-61A-Staff/staff-images/master/fa20/lucy-wan.jpg]
[raw.githubusercontent.com/Cal-CS-61A-Staff/staff-images/master/fa20/marie-chorpita.jpg]
[raw.githubusercontent.com/Cal-CS-61A-Staff/staff-images/master/fa20/mathilde-mckeever.jpg]
[raw.githubusercontent.com/Cal-CS-61A-Staff/staff-images/master/fa20/matthew-lee.jpg]
[raw.githubusercontent.com/Cal-CS-61A-Staff/staff-images/master/fa20/matthew-guo.jpg]
[raw.githubusercontent.com/Cal-CS-61A-Staff/staff-images/master/fa20/megan-zhu.jpg]
[raw.githubusercontent.com/Cal-CS-61A-Staff/staff-images/master/fa20/melanie-cooray.jpg]
[raw.githubusercontent.com/Cal-CS-61A-Staff/staff-images/master/fa20/melody-sifry.jpg]
[raw.githubusercontent.com/Cal-CS-61A-Staff/staff-images/master/fa20/melvin-aristio.jpg]
[raw.githubusercontent.com/Cal-CS-61A-Staff/staff-images/master/fa20/michael-lu.jpg]
[raw.githubusercontent.com/Cal-CS-61A-Staff/staff-images/master/fa20/minnie-chen.jpg]
[raw.githubusercontent.com/Cal-CS-61A-Staff/staff-images/master/fa20/mohsin-sarwari.jpg]
[raw.githubusercontent.com/Cal-CS-61A-Staff/staff-images/master/fa20/neha-haq.jpg]
[raw.githubusercontent.com/Cal-CS-61A-Staff/staff-images/master/fa20/nikhita-anumukonda.jpg]
[raw.githubusercontent.com/Cal-CS-61A-Staff/staff-images/master/fa20/olivia-shiah.jpg]
[raw.githubusercontent.com/Cal-CS-61A-Staff/staff-images/master/fa20/omotara-oloye.jpg]
[raw.githubusercontent.com/Cal-CS-61A-Staff/staff-images/master/fa20/owen-gong.jpg]
[raw.githubusercontent.com/Cal-CS-61A-Staff/staff-images/master/fa20/parth-gupta.jpg]
[raw.githubusercontent.com/Cal-CS-61A-Staff/staff-images/master/fa20/patricia-ouyang.jpg]
[raw.githubusercontent.com/Cal-CS-61A-Staff/staff-images/master/fa20/pranad-reddy.jpg]
[raw.githubusercontent.com/Cal-CS-61A-Staff/staff-images/master/fa20/rahul-devarapalli.jpg]
[raw.githubusercontent.com/Cal-CS-61A-Staff/staff-images/master/fa20/richard-zhu.jpg]
[raw.githubusercontent.com/Cal-CS-61A-Staff/staff-images/master/fa20/rohan-dsouza.jpg]
[raw.githubusercontent.com/Cal-CS-61A-Staff/staff-images/master/fa20/ryan-chao.jpg]
[raw.githubusercontent.com/Cal-CS-61A-Staff/staff-images/master/fa20/sahil-morchi.jpg]
[raw.githubusercontent.com/Cal-CS-61A-Staff/staff-images/master/fa20/sai-kapuluru.jpg]
[raw.githubusercontent.com/Cal-CS-61A-Staff/staff-images/master/fa20/sameer-saptarshi.jpg]
[raw.githubusercontent.com/Cal-CS-61A-Staff/staff-images/master/fa20/samuel-taplin.jpg]
[raw.githubusercontent.com/Cal-CS-61A-Staff/staff-images/master/fa20/sarina-sabouri.jpg]
[raw.githubusercontent.com/Cal-CS-61A-Staff/staff-images/master/fa20/sean-he.jpg]
[raw.githubusercontent.com/Cal-CS-61A-Staff/staff-images/master/fa20/sean-sananikone.jpg]
[raw.githubusercontent.com/Cal-CS-61A-Staff/staff-images/master/fa20/selina-wu.jpg]
[raw.githubusercontent.com/Cal-CS-61A-Staff/staff-images/master/fa20/serena-zhang.jpg]
[raw.githubusercontent.com/Cal-CS-61A-Staff/staff-images/master/fa20/shifa-sabaat.jpg]
[raw.githubusercontent.com/Cal-CS-61A-Staff/staff-images/master/fa20/sophia-xiao.jpg]
[raw.githubusercontent.com/Cal-CS-61A-Staff/staff-images/master/fa20/sreevidya-ganga.jpg]
[raw.githubusercontent.com/Cal-CS-61A-Staff/staff-images/master/fa20/steven-chen.jpg]
[raw.githubusercontent.com/Cal-CS-61A-Staff/staff-images/master/fa20/tim-tu.jpg]
[raw.githubusercontent.com/Cal-CS-61A-Staff/staff-images/master/fa20/todd-yu.jpg]
[raw.githubusercontent.com/Cal-CS-61A-Staff/staff-images/master/fa20/uma-unni.jpg]
[raw.githubusercontent.com/Cal-CS-61A-Staff/staff-images/master/fa20/vanshaj-singhania.jpg]
[raw.githubusercontent.com/Cal-CS-61A-Staff/staff-images/master/fa20/vivian-lu.jpg]
[raw.githubusercontent.com/Cal-CS-61A-Staff/staff-images/master/fa20/yersultan-sapar.jpg]
[cdn.rawgit.com/cytoscape/cytoscape.js/master/dist/cytoscape.min.js]
[images.zanui.com.au/unsafe/1600x/filters_sharpen(1,0.2,1)_quality(80)/production-static.aws.zanui.com.au/p/authentic-models-0459-1.jpg]
[miro.medium.com/max/1424/1_F8MmBnUQyOA8-Rajg69nSQ.png]
